Backend tests	UNKNOWN STEP	﻿2026-07-12T00:31:26.9864664Z Current runner version: '2.335.1'
Backend tests	UNKNOWN STEP	2026-07-12T00:31:26.9904351Z ##[group]Runner Image Provisioner
Backend tests	UNKNOWN STEP	2026-07-12T00:31:26.9906191Z Hosted Compute Agent
Backend tests	UNKNOWN STEP	2026-07-12T00:31:26.9907312Z Version: 20260624.560
Backend tests	UNKNOWN STEP	2026-07-12T00:31:26.9908861Z Commit: 925d229a51159bc391ae97e54a2dd1fe20af789d
Backend tests	UNKNOWN STEP	2026-07-12T00:31:26.9910145Z Build Date: 2026-06-24T18:26:47Z
Backend tests	UNKNOWN STEP	2026-07-12T00:31:26.9911457Z Worker ID: {f8f19eaf-bec1-461a-bddf-a6e5067ad9e9}
Backend tests	UNKNOWN STEP	2026-07-12T00:31:26.9912733Z Azure Region: westus
Backend tests	UNKNOWN STEP	2026-07-12T00:31:26.9913770Z ##[endgroup]
Backend tests	UNKNOWN STEP	2026-07-12T00:31:26.9916866Z ##[group]Operating System
Backend tests	UNKNOWN STEP	2026-07-12T00:31:26.9917976Z Ubuntu
Backend tests	UNKNOWN STEP	2026-07-12T00:31:26.9919275Z 24.04.4
Backend tests	UNKNOWN STEP	2026-07-12T00:31:26.9920277Z LTS
Backend tests	UNKNOWN STEP	2026-07-12T00:31:26.9921174Z ##[endgroup]
Backend tests	UNKNOWN STEP	2026-07-12T00:31:26.9922275Z ##[group]Runner Image
Backend tests	UNKNOWN STEP	2026-07-12T00:31:26.9923270Z Image: ubuntu-24.04
Backend tests	UNKNOWN STEP	2026-07-12T00:31:26.9924180Z Version: 20260705.232.1
Backend tests	UNKNOWN STEP	2026-07-12T00:31:26.9926405Z Included Software: https://github.com/actions/runner-images/blob/ubuntu24/20260705.232/images/ubuntu/Ubuntu2404-Readme.md
Backend tests	UNKNOWN STEP	2026-07-12T00:31:26.9980231Z Image Release: https://github.com/actions/runner-images/releases/tag/ubuntu24%2F20260705.232
Backend tests	UNKNOWN STEP	2026-07-12T00:31:26.9981278Z ##[endgroup]
Backend tests	UNKNOWN STEP	2026-07-12T00:31:26.9982585Z ##[group]GITHUB_TOKEN Permissions
Backend tests	UNKNOWN STEP	2026-07-12T00:31:26.9984870Z Contents: read
Backend tests	UNKNOWN STEP	2026-07-12T00:31:26.9985926Z Metadata: read
Backend tests	UNKNOWN STEP	2026-07-12T00:31:26.9986568Z Packages: read
Backend tests	UNKNOWN STEP	2026-07-12T00:31:26.9987078Z ##[endgroup]
Backend tests	UNKNOWN STEP	2026-07-12T00:31:26.9990015Z Secret source: Actions
Backend tests	UNKNOWN STEP	2026-07-12T00:31:26.9991007Z Prepare workflow directory
Backend tests	UNKNOWN STEP	2026-07-12T00:31:27.0460122Z Prepare all required actions
Backend tests	UNKNOWN STEP	2026-07-12T00:31:27.0498787Z Getting action download info
Backend tests	UNKNOWN STEP	2026-07-12T00:31:27.3910664Z Download action repository 'actions/checkout@v4' (SHA:34e114876b0b11c390a56381ad16ebd13914f8d5)
Backend tests	UNKNOWN STEP	2026-07-12T00:31:27.4884271Z Download action repository 'actions/setup-python@v5' (SHA:a26af69be951a213d495a4c3e4e4022e16d87065)
Backend tests	UNKNOWN STEP	2026-07-12T00:31:27.6836421Z Complete job name: Backend tests
Backend tests	UNKNOWN STEP	2026-07-12T00:31:27.7605426Z Node 20 is being deprecated. This workflow is running with Node 24 by default. If you need to temporarily use Node 20, you can set the ACTIONS_ALLOW_USE_UNSECURE_NODE_VERSION=true environment variable. For more information see: https://github.blog/changelog/2025-09-19-deprecation-of-node-20-on-github-actions-runners/
Backend tests	UNKNOWN STEP	2026-07-12T00:31:27.7614889Z ##[group]Run actions/checkout@v4
Backend tests	UNKNOWN STEP	2026-07-12T00:31:27.7615661Z with:
Backend tests	UNKNOWN STEP	2026-07-12T00:31:27.7616128Z   repository: sin0235/math_ai_visualize
Backend tests	UNKNOWN STEP	2026-07-12T00:31:27.7620376Z   token: ***
Backend tests	UNKNOWN STEP	2026-07-12T00:31:27.7620833Z   ssh-strict: true
Backend tests	UNKNOWN STEP	2026-07-12T00:31:27.7621289Z   ssh-user: git
Backend tests	UNKNOWN STEP	2026-07-12T00:31:27.7621755Z   persist-credentials: true
Backend tests	UNKNOWN STEP	2026-07-12T00:31:27.7622269Z   clean: true
Backend tests	UNKNOWN STEP	2026-07-12T00:31:27.7622724Z   sparse-checkout-cone-mode: true
Backend tests	UNKNOWN STEP	2026-07-12T00:31:27.7623248Z   fetch-depth: 1
Backend tests	UNKNOWN STEP	2026-07-12T00:31:27.7623687Z   fetch-tags: false
Backend tests	UNKNOWN STEP	2026-07-12T00:31:27.7624136Z   show-progress: true
Backend tests	UNKNOWN STEP	2026-07-12T00:31:27.7624604Z   lfs: false
Backend tests	UNKNOWN STEP	2026-07-12T00:31:27.7625059Z   submodules: false
Backend tests	UNKNOWN STEP	2026-07-12T00:31:27.7625523Z   set-safe-directory: true
Backend tests	UNKNOWN STEP	2026-07-12T00:31:27.7626315Z ##[endgroup]
Backend tests	UNKNOWN STEP	2026-07-12T00:31:27.8828068Z Syncing repository: sin0235/math_ai_visualize
Backend tests	UNKNOWN STEP	2026-07-12T00:31:27.8831215Z ##[group]Getting Git version info
Backend tests	UNKNOWN STEP	2026-07-12T00:31:27.8832839Z Working directory is '/home/runner/work/math_ai_visualize/math_ai_visualize'
Backend tests	UNKNOWN STEP	2026-07-12T00:31:27.8835118Z [command]/usr/bin/git version
Backend tests	UNKNOWN STEP	2026-07-12T00:31:27.9020031Z git version 2.54.0
Backend tests	UNKNOWN STEP	2026-07-12T00:31:27.9100113Z ##[endgroup]
Backend tests	UNKNOWN STEP	2026-07-12T00:31:27.9109952Z Temporarily overriding HOME='/home/runner/work/_temp/3ae08cad-e1fd-4aef-864a-99136f8a8c0b' before making global git config changes
Backend tests	UNKNOWN STEP	2026-07-12T00:31:27.9112448Z Adding repository directory to the temporary git global config as a safe directory
Backend tests	UNKNOWN STEP	2026-07-12T00:31:27.9114719Z [command]/usr/bin/git config --global --add safe.directory /home/runner/work/math_ai_visualize/math_ai_visualize
Backend tests	UNKNOWN STEP	2026-07-12T00:31:27.9187268Z Deleting the contents of '/home/runner/work/math_ai_visualize/math_ai_visualize'
Backend tests	UNKNOWN STEP	2026-07-12T00:31:27.9189773Z ##[group]Initializing the repository
Backend tests	UNKNOWN STEP	2026-07-12T00:31:27.9191622Z [command]/usr/bin/git init /home/runner/work/math_ai_visualize/math_ai_visualize
Backend tests	UNKNOWN STEP	2026-07-12T00:31:27.9590648Z hint: Using 'master' as the name for the initial branch. This default branch name
Backend tests	UNKNOWN STEP	2026-07-12T00:31:27.9592934Z hint: will change to "main" in Git 3.0. To configure the initial branch name
Backend tests	UNKNOWN STEP	2026-07-12T00:31:27.9595142Z hint: to use in all of your new repositories, which will suppress this warning,
Backend tests	UNKNOWN STEP	2026-07-12T00:31:27.9598960Z hint: call:
Backend tests	UNKNOWN STEP	2026-07-12T00:31:27.9599820Z hint:
Backend tests	UNKNOWN STEP	2026-07-12T00:31:27.9600734Z hint: 	git config --global init.defaultBranch <name>
Backend tests	UNKNOWN STEP	2026-07-12T00:31:27.9601810Z hint:
Backend tests	UNKNOWN STEP	2026-07-12T00:31:27.9602830Z hint: Names commonly chosen instead of 'master' are 'main', 'trunk' and
Backend tests	UNKNOWN STEP	2026-07-12T00:31:27.9604738Z hint: 'development'. The just-created branch can be renamed via this command:
Backend tests	UNKNOWN STEP	2026-07-12T00:31:27.9606050Z hint:
Backend tests	UNKNOWN STEP	2026-07-12T00:31:27.9606793Z hint: 	git branch -m <name>
Backend tests	UNKNOWN STEP	2026-07-12T00:31:27.9607679Z hint:
Backend tests	UNKNOWN STEP	2026-07-12T00:31:27.9609009Z hint: Disable this message with "git config set advice.defaultBranchName false"
Backend tests	UNKNOWN STEP	2026-07-12T00:31:27.9611262Z Initialized empty Git repository in /home/runner/work/math_ai_visualize/math_ai_visualize/.git/
Backend tests	UNKNOWN STEP	2026-07-12T00:31:27.9614539Z [command]/usr/bin/git remote add origin https://github.com/sin0235/math_ai_visualize
Backend tests	UNKNOWN STEP	2026-07-12T00:31:27.9659007Z ##[endgroup]
Backend tests	UNKNOWN STEP	2026-07-12T00:31:27.9660368Z ##[group]Disabling automatic garbage collection
Backend tests	UNKNOWN STEP	2026-07-12T00:31:27.9661540Z [command]/usr/bin/git config --local gc.auto 0
Backend tests	UNKNOWN STEP	2026-07-12T00:31:27.9727110Z ##[endgroup]
Backend tests	UNKNOWN STEP	2026-07-12T00:31:27.9729341Z ##[group]Setting up auth
Backend tests	UNKNOWN STEP	2026-07-12T00:31:27.9730897Z [command]/usr/bin/git config --local --name-only --get-regexp core\.sshCommand
Backend tests	UNKNOWN STEP	2026-07-12T00:31:27.9792821Z [command]/usr/bin/git submodule foreach --recursive sh -c "git config --local --name-only --get-regexp 'core\.sshCommand' && git config --local --unset-all 'core.sshCommand' || :"
Backend tests	UNKNOWN STEP	2026-07-12T00:31:28.1538159Z [command]/usr/bin/git config --local --name-only --get-regexp http\.https\:\/\/github\.com\/\.extraheader
Backend tests	UNKNOWN STEP	2026-07-12T00:31:28.1543282Z [command]/usr/bin/git submodule foreach --recursive sh -c "git config --local --name-only --get-regexp 'http\.https\:\/\/github\.com\/\.extraheader' && git config --local --unset-all 'http.https://github.com/.extraheader' || :"
Backend tests	UNKNOWN STEP	2026-07-12T00:31:28.1548488Z [command]/usr/bin/git config --local --name-only --get-regexp ^includeIf\.gitdir:
Backend tests	UNKNOWN STEP	2026-07-12T00:31:28.1553061Z [command]/usr/bin/git submodule foreach --recursive git config --local --show-origin --name-only --get-regexp remote.origin.url
Backend tests	UNKNOWN STEP	2026-07-12T00:31:28.1557731Z [command]/usr/bin/git config --local http.https://github.com/.extraheader AUTHORIZATION: basic ***
Backend tests	UNKNOWN STEP	2026-07-12T00:31:28.1560782Z ##[endgroup]
Backend tests	UNKNOWN STEP	2026-07-12T00:31:28.1561752Z ##[group]Fetching the repository
Backend tests	UNKNOWN STEP	2026-07-12T00:31:28.1563321Z [command]/usr/bin/git -c protocol.version=2 fetch --no-tags --prune --no-recurse-submodules --depth=1 origin +26b21f0d5ef69cb4c87c2f28bd30569f09d1a4b4:refs/remotes/origin/product
Backend tests	UNKNOWN STEP	2026-07-12T00:31:28.9460006Z From https://github.com/sin0235/math_ai_visualize
Backend tests	UNKNOWN STEP	2026-07-12T00:31:28.9462310Z  * [new ref]         26b21f0d5ef69cb4c87c2f28bd30569f09d1a4b4 -> origin/product
Backend tests	UNKNOWN STEP	2026-07-12T00:31:28.9507344Z ##[endgroup]
Backend tests	UNKNOWN STEP	2026-07-12T00:31:28.9509726Z ##[group]Determining the checkout info
Backend tests	UNKNOWN STEP	2026-07-12T00:31:28.9512030Z ##[endgroup]
Backend tests	UNKNOWN STEP	2026-07-12T00:31:28.9517469Z [command]/usr/bin/git sparse-checkout disable
Backend tests	UNKNOWN STEP	2026-07-12T00:31:28.9580212Z [command]/usr/bin/git config --local --unset-all extensions.worktreeConfig
Backend tests	UNKNOWN STEP	2026-07-12T00:31:28.9619467Z ##[group]Checking out the ref
Backend tests	UNKNOWN STEP	2026-07-12T00:31:28.9624867Z [command]/usr/bin/git checkout --progress --force -B product refs/remotes/origin/product
Backend tests	UNKNOWN STEP	2026-07-12T00:31:29.0073813Z Switched to a new branch 'product'
Backend tests	UNKNOWN STEP	2026-07-12T00:31:29.0089601Z branch 'product' set up to track 'origin/product'.
Backend tests	UNKNOWN STEP	2026-07-12T00:31:29.0093743Z ##[endgroup]
Backend tests	UNKNOWN STEP	2026-07-12T00:31:29.0154231Z [command]/usr/bin/git log -1 --format=%H
Backend tests	UNKNOWN STEP	2026-07-12T00:31:29.0184602Z 26b21f0d5ef69cb4c87c2f28bd30569f09d1a4b4
Backend tests	UNKNOWN STEP	2026-07-12T00:31:29.0605056Z Node 20 is being deprecated. This workflow is running with Node 24 by default. If you need to temporarily use Node 20, you can set the ACTIONS_ALLOW_USE_UNSECURE_NODE_VERSION=true environment variable. For more information see: https://github.blog/changelog/2025-09-19-deprecation-of-node-20-on-github-actions-runners/
Backend tests	UNKNOWN STEP	2026-07-12T00:31:29.0607980Z ##[group]Run actions/setup-python@v5
Backend tests	UNKNOWN STEP	2026-07-12T00:31:29.0608759Z with:
Backend tests	UNKNOWN STEP	2026-07-12T00:31:29.0609226Z   python-version: 3.11
Backend tests	UNKNOWN STEP	2026-07-12T00:31:29.0609747Z   cache: pip
Backend tests	UNKNOWN STEP	2026-07-12T00:31:29.0610459Z   cache-dependency-path: backend/requirements.txt
Backend tests	UNKNOWN STEP	backend/pyproject.toml
Backend tests	UNKNOWN STEP	
Backend tests	UNKNOWN STEP	2026-07-12T00:31:29.0611313Z   check-latest: false
Backend tests	UNKNOWN STEP	2026-07-12T00:31:29.0615435Z   token: ***
Backend tests	UNKNOWN STEP	2026-07-12T00:31:29.0615926Z   update-environment: true
Backend tests	UNKNOWN STEP	2026-07-12T00:31:29.0616493Z   allow-prereleases: false
Backend tests	UNKNOWN STEP	2026-07-12T00:31:29.0617047Z   freethreaded: false
Backend tests	UNKNOWN STEP	2026-07-12T00:31:29.0617556Z ##[endgroup]
Backend tests	UNKNOWN STEP	2026-07-12T00:31:29.2125895Z ##[group]Installed versions
Backend tests	UNKNOWN STEP	2026-07-12T00:31:29.2244630Z (node:2059) [DEP0040] DeprecationWarning: The `punycode` module is deprecated. Please use a userland alternative instead.
Backend tests	UNKNOWN STEP	2026-07-12T00:31:29.2247510Z Successfully set up CPython (3.11.15)
Backend tests	UNKNOWN STEP	2026-07-12T00:31:29.2249865Z (Use `node --trace-deprecation ...` to show where the warning was created)
Backend tests	UNKNOWN STEP	2026-07-12T00:31:29.2262397Z ##[endgroup]
Backend tests	UNKNOWN STEP	2026-07-12T00:31:29.2783107Z [command]/opt/hostedtoolcache/Python/3.11.15/x64/bin/pip cache dir
Backend tests	UNKNOWN STEP	2026-07-12T00:31:29.7342210Z /home/runner/.cache/pip
Backend tests	UNKNOWN STEP	2026-07-12T00:31:30.0105047Z Cache hit for: setup-python-Linux-x64-24.04-Ubuntu-python-3.11.15-pip-3a148057b844d3573ef00626c90902fb4df1f602c0cfd3124cc15799f5459fbd
Backend tests	UNKNOWN STEP	2026-07-12T00:31:30.0260570Z (node:2059) [DEP0169] DeprecationWarning: `url.parse()` behavior is not standardized and prone to errors that have security implications. Use the WHATWG URL API instead. CVEs are not issued for `url.parse()` vulnerabilities.
Backend tests	UNKNOWN STEP	2026-07-12T00:31:31.3307167Z Received 0 of 127158134 (0.0%), 0.0 MBs/sec
Backend tests	UNKNOWN STEP	2026-07-12T00:31:32.3334479Z Received 96468992 of 127158134 (75.9%), 46.0 MBs/sec
Backend tests	UNKNOWN STEP	2026-07-12T00:31:32.5142632Z Received 127158134 of 127158134 (100.0%), 55.5 MBs/sec
Backend tests	UNKNOWN STEP	2026-07-12T00:31:32.5143985Z Cache Size: ~121 MB (127158134 B)
Backend tests	UNKNOWN STEP	2026-07-12T00:31:32.5210378Z [command]/usr/bin/tar -xf /home/runner/work/_temp/9ee28b57-e26b-4b2b-ba3a-50e46a64779a/cache.tzst -P -C /home/runner/work/math_ai_visualize/math_ai_visualize --use-compress-program unzstd
Backend tests	UNKNOWN STEP	2026-07-12T00:31:32.7729068Z Cache restored successfully
Backend tests	UNKNOWN STEP	2026-07-12T00:31:32.7810155Z Cache restored from key: setup-python-Linux-x64-24.04-Ubuntu-python-3.11.15-pip-3a148057b844d3573ef00626c90902fb4df1f602c0cfd3124cc15799f5459fbd
Backend tests	UNKNOWN STEP	2026-07-12T00:31:32.7996337Z ##[group]Run python -m pip install --upgrade pip
Backend tests	UNKNOWN STEP	2026-07-12T00:31:32.7996827Z ^[[36;1mpython -m pip install --upgrade pip^[[0m
Backend tests	UNKNOWN STEP	2026-07-12T00:31:32.7997190Z ^[[36;1mpip install -r requirements.txt^[[0m
Backend tests	UNKNOWN STEP	2026-07-12T00:31:32.8061819Z ^[[36;1mpip install "pytest>=8.3.0"^[[0m
Backend tests	UNKNOWN STEP	2026-07-12T00:31:32.8265423Z shell: /usr/bin/bash -e {0}
Backend tests	UNKNOWN STEP	2026-07-12T00:31:32.8265751Z env:
Backend tests	UNKNOWN STEP	2026-07-12T00:31:32.8266065Z   pythonLocation: /opt/hostedtoolcache/Python/3.11.15/x64
Backend tests	UNKNOWN STEP	2026-07-12T00:31:32.8266612Z   PKG_CONFIG_PATH: /opt/hostedtoolcache/Python/3.11.15/x64/lib/pkgconfig
Backend tests	UNKNOWN STEP	2026-07-12T00:31:32.8267120Z   Python_ROOT_DIR: /opt/hostedtoolcache/Python/3.11.15/x64
Backend tests	UNKNOWN STEP	2026-07-12T00:31:32.8267560Z   Python2_ROOT_DIR: /opt/hostedtoolcache/Python/3.11.15/x64
Backend tests	UNKNOWN STEP	2026-07-12T00:31:32.8268004Z   Python3_ROOT_DIR: /opt/hostedtoolcache/Python/3.11.15/x64
Backend tests	UNKNOWN STEP	2026-07-12T00:31:32.8268756Z   LD_LIBRARY_PATH: /opt/hostedtoolcache/Python/3.11.15/x64/lib
Backend tests	UNKNOWN STEP	2026-07-12T00:31:32.8269140Z ##[endgroup]
Backend tests	UNKNOWN STEP	2026-07-12T00:31:33.5699809Z Requirement already satisfied: pip in /opt/hostedtoolcache/Python/3.11.15/x64/lib/python3.11/site-packages (26.1.2)
Backend tests	UNKNOWN STEP	2026-07-12T00:31:34.1420055Z Collecting fastapi>=0.115.0 (from -r requirements.txt (line 1))
Backend tests	UNKNOWN STEP	2026-07-12T00:31:34.1435257Z   Using cached fastapi-0.139.0-py3-none-any.whl.metadata (26 kB)
Backend tests	UNKNOWN STEP	2026-07-12T00:31:34.1792037Z Collecting uvicorn>=0.30.0 (from uvicorn[standard]>=0.30.0->-r requirements.txt (line 2))
Backend tests	UNKNOWN STEP	2026-07-12T00:31:34.1808328Z   Using cached uvicorn-0.51.0-py3-none-any.whl.metadata (6.6 kB)
Backend tests	UNKNOWN STEP	2026-07-12T00:31:34.2709921Z Collecting pydantic>=2.8.0 (from -r requirements.txt (line 3))
Backend tests	UNKNOWN STEP	2026-07-12T00:31:34.2725650Z   Using cached pydantic-2.13.4-py3-none-any.whl.metadata (109 kB)
Backend tests	UNKNOWN STEP	2026-07-12T00:31:34.2878035Z Collecting pydantic-settings>=2.4.0 (from -r requirements.txt (line 4))
Backend tests	UNKNOWN STEP	2026-07-12T00:31:34.2893870Z   Using cached pydantic_settings-2.14.2-py3-none-any.whl.metadata (3.4 kB)
Backend tests	UNKNOWN STEP	2026-07-12T00:31:34.2988280Z Collecting email-validator>=2.2.0 (from -r requirements.txt (line 5))
Backend tests	UNKNOWN STEP	2026-07-12T00:31:34.3002963Z   Using cached email_validator-2.3.0-py3-none-any.whl.metadata (26 kB)
Backend tests	UNKNOWN STEP	2026-07-12T00:31:34.3129690Z Collecting httpx>=0.27.0 (from httpx[http2]>=0.27.0->-r requirements.txt (line 6))
Backend tests	UNKNOWN STEP	2026-07-12T00:31:34.3143846Z   Using cached httpx-0.28.1-py3-none-any.whl.metadata (7.1 kB)
Backend tests	UNKNOWN STEP	2026-07-12T00:31:34.3236377Z Collecting aiosqlite>=0.20.0 (from -r requirements.txt (line 7))
Backend tests	UNKNOWN STEP	2026-07-12T00:31:34.3250748Z   Using cached aiosqlite-0.22.1-py3-none-any.whl.metadata (4.3 kB)
Backend tests	UNKNOWN STEP	2026-07-12T00:31:34.3589831Z Collecting asyncpg>=0.30.0 (from -r requirements.txt (line 8))
Backend tests	UNKNOWN STEP	2026-07-12T00:31:34.3597160Z   Using cached asyncpg-0.31.0-cp311-cp311-manylinux2014_x86_64.manylinux_2_17_x86_64.manylinux_2_28_x86_64.whl.metadata (4.4 kB)
Backend tests	UNKNOWN STEP	2026-07-12T00:31:34.3819282Z Collecting redis>=5.0.0 (from -r requirements.txt (line 9))
Backend tests	UNKNOWN STEP	2026-07-12T00:31:34.3839309Z   Using cached redis-8.0.1-py3-none-any.whl.metadata (13 kB)
Backend tests	UNKNOWN STEP	2026-07-12T00:31:34.3978158Z Collecting passlib>=1.7.4 (from passlib[bcrypt]>=1.7.4->-r requirements.txt (line 10))
Backend tests	UNKNOWN STEP	2026-07-12T00:31:34.4012956Z   Using cached passlib-1.7.4-py2.py3-none-any.whl.metadata (1.7 kB)
Backend tests	UNKNOWN STEP	2026-07-12T00:31:34.4532438Z Collecting bcrypt<4.1,>=4.0.1 (from -r requirements.txt (line 11))
Backend tests	UNKNOWN STEP	2026-07-12T00:31:34.4548266Z   Using cached bcrypt-4.0.1-cp36-abi3-manylinux_2_28_x86_64.whl.metadata (9.0 kB)
Backend tests	UNKNOWN STEP	2026-07-12T00:31:34.4693736Z Collecting resend>=2.4.0 (from -r requirements.txt (line 12))
Backend tests	UNKNOWN STEP	2026-07-12T00:31:34.4709166Z   Using cached resend-2.32.2-py2.py3-none-any.whl.metadata (3.5 kB)
Backend tests	UNKNOWN STEP	2026-07-12T00:31:34.6930256Z Collecting boto3>=1.34.0 (from -r requirements.txt (line 13))
Backend tests	UNKNOWN STEP	2026-07-12T00:31:34.7499398Z   Downloading boto3-1.43.46-py3-none-any.whl.metadata (6.6 kB)
Backend tests	UNKNOWN STEP	2026-07-12T00:31:34.7661263Z Collecting cloudinary>=1.41.0 (from -r requirements.txt (line 14))
Backend tests	UNKNOWN STEP	2026-07-12T00:31:34.7677804Z   Using cached cloudinary-1.45.0-py3-none-any.whl.metadata (8.1 kB)
Backend tests	UNKNOWN STEP	2026-07-12T00:31:34.8442784Z Collecting appwrite>=11.0.0 (from -r requirements.txt (line 15))
Backend tests	UNKNOWN STEP	2026-07-12T00:31:34.8460155Z   Using cached appwrite-21.0.0-py3-none-any.whl.metadata (7.7 kB)
Backend tests	UNKNOWN STEP	2026-07-12T00:31:34.8584688Z Collecting python-multipart>=0.0.9 (from -r requirements.txt (line 16))
Backend tests	UNKNOWN STEP	2026-07-12T00:31:34.8601168Z   Using cached python_multipart-0.0.32-py3-none-any.whl.metadata (2.1 kB)
Backend tests	UNKNOWN STEP	2026-07-12T00:31:35.0336711Z Collecting numpy>=2.0.0 (from -r requirements.txt (line 17))
Backend tests	UNKNOWN STEP	2026-07-12T00:31:35.0353979Z   Using cached numpy-2.4.6-cp311-cp311-manylinux_2_27_x86_64.manylinux_2_28_x86_64.whl.metadata (6.6 kB)
Backend tests	UNKNOWN STEP	2026-07-12T00:31:35.1438264Z Collecting scipy>=1.14.0 (from -r requirements.txt (line 18))
Backend tests	UNKNOWN STEP	2026-07-12T00:31:35.1456447Z   Using cached scipy-1.17.1-cp311-cp311-manylinux_2_27_x86_64.manylinux_2_28_x86_64.whl.metadata (62 kB)
Backend tests	UNKNOWN STEP	2026-07-12T00:31:35.1692330Z Collecting sympy>=1.13.0 (from -r requirements.txt (line 19))
Backend tests	UNKNOWN STEP	2026-07-12T00:31:35.1708136Z   Using cached sympy-1.14.0-py3-none-any.whl.metadata (12 kB)
Backend tests	UNKNOWN STEP	2026-07-12T00:31:35.3282156Z Collecting matplotlib>=3.9.0 (from -r requirements.txt (line 20))
Backend tests	UNKNOWN STEP	2026-07-12T00:31:35.3300560Z   Using cached matplotlib-3.11.0-cp311-cp311-manylinux2014_x86_64.manylinux_2_17_x86_64.whl.metadata (80 kB)
Backend tests	UNKNOWN STEP	2026-07-12T00:31:35.3689753Z Collecting json-repair>=0.30.0 (from -r requirements.txt (line 21))
Backend tests	UNKNOWN STEP	2026-07-12T00:31:35.3730218Z   Downloading json_repair-0.61.3-py3-none-any.whl.metadata (20 kB)
Backend tests	UNKNOWN STEP	2026-07-12T00:31:35.5382324Z Collecting cryptography>=42.0.0 (from -r requirements.txt (line 22))
Backend tests	UNKNOWN STEP	2026-07-12T00:31:35.5400239Z   Using cached cryptography-49.0.0-cp311-abi3-manylinux_2_34_x86_64.whl.metadata (4.3 kB)
Backend tests	UNKNOWN STEP	2026-07-12T00:31:35.5612705Z Collecting starlette>=0.46.0 (from fastapi>=0.115.0->-r requirements.txt (line 1))
Backend tests	UNKNOWN STEP	2026-07-12T00:31:35.5629673Z   Using cached starlette-1.3.1-py3-none-any.whl.metadata (6.4 kB)
Backend tests	UNKNOWN STEP	2026-07-12T00:31:35.5786784Z Collecting typing-extensions>=4.8.0 (from fastapi>=0.115.0->-r requirements.txt (line 1))
Backend tests	UNKNOWN STEP	2026-07-12T00:31:35.5803603Z   Using cached typing_extensions-4.16.0-py3-none-any.whl.metadata (3.3 kB)
Backend tests	UNKNOWN STEP	2026-07-12T00:31:35.5909747Z Collecting typing-inspection>=0.4.2 (from fastapi>=0.115.0->-r requirements.txt (line 1))
Backend tests	UNKNOWN STEP	2026-07-12T00:31:35.5929555Z   Using cached typing_inspection-0.4.2-py3-none-any.whl.metadata (2.6 kB)
Backend tests	UNKNOWN STEP	2026-07-12T00:31:35.6004570Z Collecting annotated-doc>=0.0.2 (from fastapi>=0.115.0->-r requirements.txt (line 1))
Backend tests	UNKNOWN STEP	2026-07-12T00:31:35.6020568Z   Using cached annotated_doc-0.0.4-py3-none-any.whl.metadata (6.6 kB)
Backend tests	UNKNOWN STEP	2026-07-12T00:31:35.6158306Z Collecting click>=7.0 (from uvicorn>=0.30.0->uvicorn[standard]>=0.30.0->-r requirements.txt (line 2))
Backend tests	UNKNOWN STEP	2026-07-12T00:31:35.6174672Z   Using cached click-8.4.2-py3-none-any.whl.metadata (2.6 kB)
Backend tests	UNKNOWN STEP	2026-07-12T00:31:35.6256260Z Collecting h11>=0.8 (from uvicorn>=0.30.0->uvicorn[standard]>=0.30.0->-r requirements.txt (line 2))
Backend tests	UNKNOWN STEP	2026-07-12T00:31:35.6272957Z   Using cached h11-0.16.0-py3-none-any.whl.metadata (8.3 kB)
Backend tests	UNKNOWN STEP	2026-07-12T00:31:35.6359284Z Collecting annotated-types>=0.6.0 (from pydantic>=2.8.0->-r requirements.txt (line 3))
Backend tests	UNKNOWN STEP	2026-07-12T00:31:35.6375215Z   Using cached annotated_types-0.7.0-py3-none-any.whl.metadata (15 kB)
Backend tests	UNKNOWN STEP	2026-07-12T00:31:36.2915053Z Collecting pydantic-core==2.46.4 (from pydantic>=2.8.0->-r requirements.txt (line 3))
Backend tests	UNKNOWN STEP	2026-07-12T00:31:36.2933276Z   Using cached pydantic_core-2.46.4-cp311-cp311-manylinux_2_17_x86_64.manylinux2014_x86_64.whl.metadata (6.6 kB)
Backend tests	UNKNOWN STEP	2026-07-12T00:31:36.3092832Z Collecting python-dotenv>=0.21.0 (from pydantic-settings>=2.4.0->-r requirements.txt (line 4))
Backend tests	UNKNOWN STEP	2026-07-12T00:31:36.3108249Z   Using cached python_dotenv-1.2.2-py3-none-any.whl.metadata (27 kB)
Backend tests	UNKNOWN STEP	2026-07-12T00:31:36.3231023Z Collecting dnspython>=2.0.0 (from email-validator>=2.2.0->-r requirements.txt (line 5))
Backend tests	UNKNOWN STEP	2026-07-12T00:31:36.3250714Z   Using cached dnspython-2.8.0-py3-none-any.whl.metadata (5.7 kB)
Backend tests	UNKNOWN STEP	2026-07-12T00:31:36.3370248Z Collecting idna>=2.0.0 (from email-validator>=2.2.0->-r requirements.txt (line 5))
Backend tests	UNKNOWN STEP	2026-07-12T00:31:36.3385201Z   Using cached idna-3.18-py3-none-any.whl.metadata (6.1 kB)
Backend tests	UNKNOWN STEP	2026-07-12T00:31:36.3535545Z Collecting anyio (from httpx>=0.27.0->httpx[http2]>=0.27.0->-r requirements.txt (line 6))
Backend tests	UNKNOWN STEP	2026-07-12T00:31:36.3551658Z   Using cached anyio-4.14.1-py3-none-any.whl.metadata (4.6 kB)
Backend tests	UNKNOWN STEP	2026-07-12T00:31:36.3700788Z Collecting certifi (from httpx>=0.27.0->httpx[http2]>=0.27.0->-r requirements.txt (line 6))
Backend tests	UNKNOWN STEP	2026-07-12T00:31:36.3715251Z   Using cached certifi-2026.6.17-py3-none-any.whl.metadata (2.5 kB)
Backend tests	UNKNOWN STEP	2026-07-12T00:31:36.3832164Z Collecting httpcore==1.* (from httpx>=0.27.0->httpx[http2]>=0.27.0->-r requirements.txt (line 6))
Backend tests	UNKNOWN STEP	2026-07-12T00:31:36.3846871Z   Using cached httpcore-1.0.9-py3-none-any.whl.metadata (21 kB)
Backend tests	UNKNOWN STEP	2026-07-12T00:31:36.4052060Z Collecting requests>=2.31.0 (from resend>=2.4.0->-r requirements.txt (line 12))
Backend tests	UNKNOWN STEP	2026-07-12T00:31:36.4066605Z   Using cached requests-2.34.2-py3-none-any.whl.metadata (4.8 kB)
Backend tests	UNKNOWN STEP	2026-07-12T00:31:36.6011359Z Collecting botocore<1.44.0,>=1.43.46 (from boto3>=1.34.0->-r requirements.txt (line 13))
Backend tests	UNKNOWN STEP	2026-07-12T00:31:36.6044116Z   Downloading botocore-1.43.46-py3-none-any.whl.metadata (5.6 kB)
Backend tests	UNKNOWN STEP	2026-07-12T00:31:36.6176773Z Collecting jmespath<2.0.0,>=0.7.1 (from boto3>=1.34.0->-r requirements.txt (line 13))
Backend tests	UNKNOWN STEP	2026-07-12T00:31:36.6192887Z   Using cached jmespath-1.1.0-py3-none-any.whl.metadata (7.6 kB)
Backend tests	UNKNOWN STEP	2026-07-12T00:31:36.6330989Z Collecting s3transfer<0.20.0,>=0.19.0 (from boto3>=1.34.0->-r requirements.txt (line 13))
Backend tests	UNKNOWN STEP	2026-07-12T00:31:36.6363601Z   Downloading s3transfer-0.19.1-py3-none-any.whl.metadata (1.7 kB)
Backend tests	UNKNOWN STEP	2026-07-12T00:31:36.6499802Z Collecting python-dateutil<3.0.0,>=2.1 (from botocore<1.44.0,>=1.43.46->boto3>=1.34.0->-r requirements.txt (line 13))
Backend tests	UNKNOWN STEP	2026-07-12T00:31:36.6529747Z   Using cached python_dateutil-2.9.0.post0-py2.py3-none-any.whl.metadata (8.4 kB)
Backend tests	UNKNOWN STEP	2026-07-12T00:31:36.6692096Z Collecting urllib3!=2.2.0,<3,>=1.25.4 (from botocore<1.44.0,>=1.43.46->boto3>=1.34.0->-r requirements.txt (line 13))
Backend tests	UNKNOWN STEP	2026-07-12T00:31:36.6714182Z   Using cached urllib3-2.7.0-py3-none-any.whl.metadata (6.9 kB)
Backend tests	UNKNOWN STEP	2026-07-12T00:31:36.6848012Z Collecting six>=1.5 (from python-dateutil<3.0.0,>=2.1->botocore<1.44.0,>=1.43.46->boto3>=1.34.0->-r requirements.txt (line 13))
Backend tests	UNKNOWN STEP	2026-07-12T00:31:36.6863609Z   Using cached six-1.17.0-py2.py3-none-any.whl.metadata (1.7 kB)
Backend tests	UNKNOWN STEP	2026-07-12T00:31:36.7801061Z Collecting mpmath<1.4,>=1.1.0 (from sympy>=1.13.0->-r requirements.txt (line 19))
Backend tests	UNKNOWN STEP	2026-07-12T00:31:36.7818166Z   Using cached mpmath-1.3.0-py3-none-any.whl.metadata (8.6 kB)
Backend tests	UNKNOWN STEP	2026-07-12T00:31:36.8386660Z Collecting contourpy>=1.0.1 (from matplotlib>=3.9.0->-r requirements.txt (line 20))
Backend tests	UNKNOWN STEP	2026-07-12T00:31:36.8404200Z   Using cached contourpy-1.3.3-cp311-cp311-manylinux_2_27_x86_64.manylinux_2_28_x86_64.whl.metadata (5.5 kB)
Backend tests	UNKNOWN STEP	2026-07-12T00:31:36.8505696Z Collecting cycler>=0.10 (from matplotlib>=3.9.0->-r requirements.txt (line 20))
Backend tests	UNKNOWN STEP	2026-07-12T00:31:36.8522494Z   Using cached cycler-0.12.1-py3-none-any.whl.metadata (3.8 kB)
Backend tests	UNKNOWN STEP	2026-07-12T00:31:36.9822512Z Collecting fonttools>=4.22.0 (from matplotlib>=3.9.0->-r requirements.txt (line 20))
Backend tests	UNKNOWN STEP	2026-07-12T00:31:36.9839501Z   Using cached fonttools-4.63.0-cp311-cp311-manylinux2014_x86_64.manylinux_2_17_x86_64.whl.metadata (118 kB)
Backend tests	UNKNOWN STEP	2026-07-12T00:31:37.0446045Z Collecting kiwisolver>=1.3.1 (from matplotlib>=3.9.0->-r requirements.txt (line 20))
Backend tests	UNKNOWN STEP	2026-07-12T00:31:37.0463381Z   Using cached kiwisolver-1.5.0-cp311-cp311-manylinux2014_x86_64.manylinux_2_17_x86_64.whl.metadata (5.1 kB)
Backend tests	UNKNOWN STEP	2026-07-12T00:31:37.0621802Z Collecting packaging>=20.0 (from matplotlib>=3.9.0->-r requirements.txt (line 20))
Backend tests	UNKNOWN STEP	2026-07-12T00:31:37.0638768Z   Using cached packaging-26.2-py3-none-any.whl.metadata (3.5 kB)
Backend tests	UNKNOWN STEP	2026-07-12T00:31:37.2162119Z Collecting pillow>=9 (from matplotlib>=3.9.0->-r requirements.txt (line 20))
Backend tests	UNKNOWN STEP	2026-07-12T00:31:37.2179356Z   Using cached pillow-12.3.0-cp311-cp311-manylinux_2_27_x86_64.manylinux_2_28_x86_64.whl.metadata (9.1 kB)
Backend tests	UNKNOWN STEP	2026-07-12T00:31:37.2397355Z Collecting pyparsing>=3 (from matplotlib>=3.9.0->-r requirements.txt (line 20))
Backend tests	UNKNOWN STEP	2026-07-12T00:31:37.2413352Z   Using cached pyparsing-3.3.2-py3-none-any.whl.metadata (5.8 kB)
Backend tests	UNKNOWN STEP	2026-07-12T00:31:37.3774286Z Collecting cffi>=2.0.0 (from cryptography>=42.0.0->-r requirements.txt (line 22))
Backend tests	UNKNOWN STEP	2026-07-12T00:31:37.3793125Z   Using cached cffi-2.1.0-cp311-cp311-manylinux2014_x86_64.manylinux_2_17_x86_64.whl.metadata (2.5 kB)
Backend tests	UNKNOWN STEP	2026-07-12T00:31:37.3892773Z Collecting pycparser (from cffi>=2.0.0->cryptography>=42.0.0->-r requirements.txt (line 22))
Backend tests	UNKNOWN STEP	2026-07-12T00:31:37.3907836Z   Using cached pycparser-3.0-py3-none-any.whl.metadata (8.2 kB)
Backend tests	UNKNOWN STEP	2026-07-12T00:31:37.4059555Z Collecting h2<5,>=3 (from httpx[http2]>=0.27.0->-r requirements.txt (line 6))
Backend tests	UNKNOWN STEP	2026-07-12T00:31:37.4074249Z   Using cached h2-4.3.0-py3-none-any.whl.metadata (5.1 kB)
Backend tests	UNKNOWN STEP	2026-07-12T00:31:37.4166428Z Collecting hyperframe<7,>=6.1 (from h2<5,>=3->httpx[http2]>=0.27.0->-r requirements.txt (line 6))
Backend tests	UNKNOWN STEP	2026-07-12T00:31:37.4182112Z   Using cached hyperframe-6.1.0-py3-none-any.whl.metadata (4.3 kB)
Backend tests	UNKNOWN STEP	2026-07-12T00:31:37.4264938Z Collecting hpack<5,>=4.1 (from h2<5,>=3->httpx[http2]>=0.27.0->-r requirements.txt (line 6))
Backend tests	UNKNOWN STEP	2026-07-12T00:31:37.4280381Z   Using cached hpack-4.2.0-py3-none-any.whl.metadata (3.3 kB)
Backend tests	UNKNOWN STEP	2026-07-12T00:31:37.5260367Z Collecting charset_normalizer<4,>=2 (from requests>=2.31.0->resend>=2.4.0->-r requirements.txt (line 12))
Backend tests	UNKNOWN STEP	2026-07-12T00:31:37.5277997Z   Using cached charset_normalizer-3.4.9-cp311-cp311-manylinux2014_x86_64.manylinux_2_17_x86_64.manylinux_2_28_x86_64.whl.metadata (41 kB)
Backend tests	UNKNOWN STEP	2026-07-12T00:31:37.5708311Z Collecting httptools>=0.8.0 (from uvicorn[standard]>=0.30.0->-r requirements.txt (line 2))
Backend tests	UNKNOWN STEP	2026-07-12T00:31:37.5725392Z   Using cached httptools-0.8.0-cp311-cp311-manylinux1_x86_64.manylinux_2_28_x86_64.manylinux_2_5_x86_64.whl.metadata (3.5 kB)
Backend tests	UNKNOWN STEP	2026-07-12T00:31:37.6059327Z Collecting pyyaml>=5.1 (from uvicorn[standard]>=0.30.0->-r requirements.txt (line 2))
Backend tests	UNKNOWN STEP	2026-07-12T00:31:37.6076327Z   Using cached pyyaml-6.0.3-cp311-cp311-manylinux2014_x86_64.manylinux_2_17_x86_64.manylinux_2_28_x86_64.whl.metadata (2.4 kB)
Backend tests	UNKNOWN STEP	2026-07-12T00:31:37.6449870Z Collecting uvloop>=0.15.1 (from uvicorn[standard]>=0.30.0->-r requirements.txt (line 2))
Backend tests	UNKNOWN STEP	2026-07-12T00:31:37.6470519Z   Using cached uvloop-0.22.1-cp311-cp311-manylinux2014_x86_64.manylinux_2_17_x86_64.manylinux_2_28_x86_64.whl.metadata (4.9 kB)
Backend tests	UNKNOWN STEP	2026-07-12T00:31:37.7361151Z Collecting watchfiles>=0.20 (from uvicorn[standard]>=0.30.0->-r requirements.txt (line 2))
Backend tests	UNKNOWN STEP	2026-07-12T00:31:37.7380293Z   Using cached watchfiles-1.2.0-cp311-cp311-manylinux_2_17_x86_64.manylinux2014_x86_64.whl.metadata (4.9 kB)
Backend tests	UNKNOWN STEP	2026-07-12T00:31:37.8250085Z Collecting websockets>=13.0 (from uvicorn[standard]>=0.30.0->-r requirements.txt (line 2))
Backend tests	UNKNOWN STEP	2026-07-12T00:31:37.8267634Z   Using cached websockets-16.1-cp311-cp311-manylinux1_x86_64.manylinux_2_28_x86_64.manylinux_2_5_x86_64.whl.metadata (6.8 kB)
Backend tests	UNKNOWN STEP	2026-07-12T00:31:37.8362629Z Using cached bcrypt-4.0.1-cp36-abi3-manylinux_2_28_x86_64.whl (593 kB)
Backend tests	UNKNOWN STEP	2026-07-12T00:31:37.8379794Z Using cached fastapi-0.139.0-py3-none-any.whl (130 kB)
Backend tests	UNKNOWN STEP	2026-07-12T00:31:37.8394729Z Using cached uvicorn-0.51.0-py3-none-any.whl (73 kB)
Backend tests	UNKNOWN STEP	2026-07-12T00:31:37.8410019Z Using cached pydantic-2.13.4-py3-none-any.whl (472 kB)
Backend tests	UNKNOWN STEP	2026-07-12T00:31:37.8426452Z Using cached pydantic_core-2.46.4-cp311-cp311-manylinux_2_17_x86_64.manylinux2014_x86_64.whl (2.1 MB)
Backend tests	UNKNOWN STEP	2026-07-12T00:31:37.8448601Z Using cached pydantic_settings-2.14.2-py3-none-any.whl (61 kB)
Backend tests	UNKNOWN STEP	2026-07-12T00:31:37.8463792Z Using cached email_validator-2.3.0-py3-none-any.whl (35 kB)
Backend tests	UNKNOWN STEP	2026-07-12T00:31:37.8478591Z Using cached httpx-0.28.1-py3-none-any.whl (73 kB)
Backend tests	UNKNOWN STEP	2026-07-12T00:31:37.8493673Z Using cached httpcore-1.0.9-py3-none-any.whl (78 kB)
Backend tests	UNKNOWN STEP	2026-07-12T00:31:37.8508507Z Using cached aiosqlite-0.22.1-py3-none-any.whl (17 kB)
Backend tests	UNKNOWN STEP	2026-07-12T00:31:37.8523970Z Using cached asyncpg-0.31.0-cp311-cp311-manylinux2014_x86_64.manylinux_2_17_x86_64.manylinux_2_28_x86_64.whl (3.0 MB)
Backend tests	UNKNOWN STEP	2026-07-12T00:31:37.8549023Z Using cached redis-8.0.1-py3-none-any.whl (502 kB)
Backend tests	UNKNOWN STEP	2026-07-12T00:31:37.8565558Z Using cached passlib-1.7.4-py2.py3-none-any.whl (525 kB)
Backend tests	UNKNOWN STEP	2026-07-12T00:31:37.8582135Z Using cached resend-2.32.2-py2.py3-none-any.whl (72 kB)
Backend tests	UNKNOWN STEP	2026-07-12T00:31:37.8616243Z Downloading boto3-1.43.46-py3-none-any.whl (140 kB)
Backend tests	UNKNOWN STEP	2026-07-12T00:31:37.8793640Z Downloading botocore-1.43.46-py3-none-any.whl (15.4 MB)
Backend tests	UNKNOWN STEP	2026-07-12T00:31:37.9575494Z    ━━━━━━━━━━━━━━━━━━━━━━━━━━━━━━━━━━━━━━━━ 15.4/15.4 MB 218.1 MB/s  0:00:00
Backend tests	UNKNOWN STEP	2026-07-12T00:31:37.9595103Z Using cached jmespath-1.1.0-py3-none-any.whl (20 kB)
Backend tests	UNKNOWN STEP	2026-07-12T00:31:37.9610565Z Using cached python_dateutil-2.9.0.post0-py2.py3-none-any.whl (229 kB)
Backend tests	UNKNOWN STEP	2026-07-12T00:31:37.9645656Z Downloading s3transfer-0.19.1-py3-none-any.whl (90 kB)
Backend tests	UNKNOWN STEP	2026-07-12T00:31:37.9696204Z Using cached urllib3-2.7.0-py3-none-any.whl (131 kB)
Backend tests	UNKNOWN STEP	2026-07-12T00:31:37.9711678Z Using cached cloudinary-1.45.0-py3-none-any.whl (149 kB)
Backend tests	UNKNOWN STEP	2026-07-12T00:31:37.9726668Z Using cached appwrite-21.0.0-py3-none-any.whl (307 kB)
Backend tests	UNKNOWN STEP	2026-07-12T00:31:37.9742675Z Using cached python_multipart-0.0.32-py3-none-any.whl (30 kB)
Backend tests	UNKNOWN STEP	2026-07-12T00:31:37.9758011Z Using cached numpy-2.4.6-cp311-cp311-manylinux_2_27_x86_64.manylinux_2_28_x86_64.whl (16.9 MB)
Backend tests	UNKNOWN STEP	2026-07-12T00:31:37.9841193Z Using cached scipy-1.17.1-cp311-cp311-manylinux_2_27_x86_64.manylinux_2_28_x86_64.whl (35.3 MB)
Backend tests	UNKNOWN STEP	2026-07-12T00:31:37.9995447Z Using cached sympy-1.14.0-py3-none-any.whl (6.3 MB)
Backend tests	UNKNOWN STEP	2026-07-12T00:31:38.0033370Z Using cached mpmath-1.3.0-py3-none-any.whl (536 kB)
Backend tests	UNKNOWN STEP	2026-07-12T00:31:38.0050338Z Using cached matplotlib-3.11.0-cp311-cp311-manylinux2014_x86_64.manylinux_2_17_x86_64.whl (10.0 MB)
Backend tests	UNKNOWN STEP	2026-07-12T00:31:38.0126262Z Downloading json_repair-0.61.3-py3-none-any.whl (49 kB)
Backend tests	UNKNOWN STEP	2026-07-12T00:31:38.0178113Z Using cached cryptography-49.0.0-cp311-abi3-manylinux_2_34_x86_64.whl (4.7 MB)
Backend tests	UNKNOWN STEP	2026-07-12T00:31:38.0210938Z Using cached annotated_doc-0.0.4-py3-none-any.whl (5.3 kB)
Backend tests	UNKNOWN STEP	2026-07-12T00:31:38.0225687Z Using cached annotated_types-0.7.0-py3-none-any.whl (13 kB)
Backend tests	UNKNOWN STEP	2026-07-12T00:31:38.0241823Z Using cached cffi-2.1.0-cp311-cp311-manylinux2014_x86_64.manylinux_2_17_x86_64.whl (217 kB)
Backend tests	UNKNOWN STEP	2026-07-12T00:31:38.0257633Z Using cached click-8.4.2-py3-none-any.whl (119 kB)
Backend tests	UNKNOWN STEP	2026-07-12T00:31:38.0273051Z Using cached contourpy-1.3.3-cp311-cp311-manylinux_2_27_x86_64.manylinux_2_28_x86_64.whl (355 kB)
Backend tests	UNKNOWN STEP	2026-07-12T00:31:38.0288701Z Using cached cycler-0.12.1-py3-none-any.whl (8.3 kB)
Backend tests	UNKNOWN STEP	2026-07-12T00:31:38.0303825Z Using cached dnspython-2.8.0-py3-none-any.whl (331 kB)
Backend tests	UNKNOWN STEP	2026-07-12T00:31:38.0320111Z Using cached fonttools-4.63.0-cp311-cp311-manylinux2014_x86_64.manylinux_2_17_x86_64.whl (5.1 MB)
Backend tests	UNKNOWN STEP	2026-07-12T00:31:38.0353170Z Using cached h11-0.16.0-py3-none-any.whl (37 kB)
Backend tests	UNKNOWN STEP	2026-07-12T00:31:38.0366770Z Using cached h2-4.3.0-py3-none-any.whl (61 kB)
Backend tests	UNKNOWN STEP	2026-07-12T00:31:38.0380822Z Using cached hpack-4.2.0-py3-none-any.whl (34 kB)
Backend tests	UNKNOWN STEP	2026-07-12T00:31:38.0394409Z Using cached hyperframe-6.1.0-py3-none-any.whl (13 kB)
Backend tests	UNKNOWN STEP	2026-07-12T00:31:38.0407951Z Using cached idna-3.18-py3-none-any.whl (65 kB)
Backend tests	UNKNOWN STEP	2026-07-12T00:31:38.0422615Z Using cached kiwisolver-1.5.0-cp311-cp311-manylinux2014_x86_64.manylinux_2_17_x86_64.whl (1.4 MB)
Backend tests	UNKNOWN STEP	2026-07-12T00:31:38.0441321Z Using cached packaging-26.2-py3-none-any.whl (100 kB)
Backend tests	UNKNOWN STEP	2026-07-12T00:31:38.0455569Z Using cached pillow-12.3.0-cp311-cp311-manylinux_2_27_x86_64.manylinux_2_28_x86_64.whl (6.9 MB)
Backend tests	UNKNOWN STEP	2026-07-12T00:31:38.0493922Z Using cached pyparsing-3.3.2-py3-none-any.whl (122 kB)
Backend tests	UNKNOWN STEP	2026-07-12T00:31:38.0507891Z Using cached python_dotenv-1.2.2-py3-none-any.whl (22 kB)
Backend tests	UNKNOWN STEP	2026-07-12T00:31:38.0521929Z Using cached requests-2.34.2-py3-none-any.whl (73 kB)
Backend tests	UNKNOWN STEP	2026-07-12T00:31:38.0536577Z Using cached charset_normalizer-3.4.9-cp311-cp311-manylinux2014_x86_64.manylinux_2_17_x86_64.manylinux_2_28_x86_64.whl (221 kB)
Backend tests	UNKNOWN STEP	2026-07-12T00:31:38.0550878Z Using cached certifi-2026.6.17-py3-none-any.whl (133 kB)
Backend tests	UNKNOWN STEP	2026-07-12T00:31:38.0564774Z Using cached six-1.17.0-py2.py3-none-any.whl (11 kB)
Backend tests	UNKNOWN STEP	2026-07-12T00:31:38.0578172Z Using cached starlette-1.3.1-py3-none-any.whl (73 kB)
Backend tests	UNKNOWN STEP	2026-07-12T00:31:38.0592141Z Using cached anyio-4.14.1-py3-none-any.whl (124 kB)
Backend tests	UNKNOWN STEP	2026-07-12T00:31:38.0605969Z Using cached typing_extensions-4.16.0-py3-none-any.whl (45 kB)
Backend tests	UNKNOWN STEP	2026-07-12T00:31:38.0619839Z Using cached typing_inspection-0.4.2-py3-none-any.whl (14 kB)
Backend tests	UNKNOWN STEP	2026-07-12T00:31:38.0633930Z Using cached httptools-0.8.0-cp311-cp311-manylinux1_x86_64.manylinux_2_28_x86_64.manylinux_2_5_x86_64.whl (464 kB)
Backend tests	UNKNOWN STEP	2026-07-12T00:31:38.0649552Z Using cached pyyaml-6.0.3-cp311-cp311-manylinux2014_x86_64.manylinux_2_17_x86_64.manylinux_2_28_x86_64.whl (806 kB)
Backend tests	UNKNOWN STEP	2026-07-12T00:31:38.0666609Z Using cached uvloop-0.22.1-cp311-cp311-manylinux2014_x86_64.manylinux_2_17_x86_64.manylinux_2_28_x86_64.whl (3.8 MB)
Backend tests	UNKNOWN STEP	2026-07-12T00:31:38.0694121Z Using cached watchfiles-1.2.0-cp311-cp311-manylinux_2_17_x86_64.manylinux2014_x86_64.whl (456 kB)
Backend tests	UNKNOWN STEP	2026-07-12T00:31:38.0709558Z Using cached websockets-16.1-cp311-cp311-manylinux1_x86_64.manylinux_2_28_x86_64.manylinux_2_5_x86_64.whl (187 kB)
Backend tests	UNKNOWN STEP	2026-07-12T00:31:38.0723621Z Using cached pycparser-3.0-py3-none-any.whl (48 kB)
Backend tests	UNKNOWN STEP	2026-07-12T00:31:38.3696589Z Installing collected packages: passlib, mpmath, websockets, uvloop, urllib3, typing-extensions, sympy, six, redis, pyyaml, python-multipart, python-dotenv, pyparsing, pycparser, pillow, packaging, numpy, kiwisolver, json-repair, jmespath, idna, hyperframe, httptools, hpack, h11, fonttools, dnspython, cycler, click, charset_normalizer, certifi, bcrypt, asyncpg, annotated-types, annotated-doc, aiosqlite, uvicorn, typing-inspection, scipy, requests, python-dateutil, pydantic-core, httpcore, h2, email-validator, contourpy, cloudinary, cffi, anyio, watchfiles, starlette, resend, pydantic, matplotlib, httpx, cryptography, botocore, s3transfer, pydantic-settings, fastapi, appwrite, boto3
Backend tests	UNKNOWN STEP	2026-07-12T00:31:57.1819380Z 
Backend tests	UNKNOWN STEP	2026-07-12T00:31:57.1852869Z Successfully installed aiosqlite-0.22.1 annotated-doc-0.0.4 annotated-types-0.7.0 anyio-4.14.1 appwrite-21.0.0 asyncpg-0.31.0 bcrypt-4.0.1 boto3-1.43.46 botocore-1.43.46 certifi-2026.6.17 cffi-2.1.0 charset_normalizer-3.4.9 click-8.4.2 cloudinary-1.45.0 contourpy-1.3.3 cryptography-49.0.0 cycler-0.12.1 dnspython-2.8.0 email-validator-2.3.0 fastapi-0.139.0 fonttools-4.63.0 h11-0.16.0 h2-4.3.0 hpack-4.2.0 httpcore-1.0.9 httptools-0.8.0 httpx-0.28.1 hyperframe-6.1.0 idna-3.18 jmespath-1.1.0 json-repair-0.61.3 kiwisolver-1.5.0 matplotlib-3.11.0 mpmath-1.3.0 numpy-2.4.6 packaging-26.2 passlib-1.7.4 pillow-12.3.0 pycparser-3.0 pydantic-2.13.4 pydantic-core-2.46.4 pydantic-settings-2.14.2 pyparsing-3.3.2 python-dateutil-2.9.0.post0 python-dotenv-1.2.2 python-multipart-0.0.32 pyyaml-6.0.3 redis-8.0.1 requests-2.34.2 resend-2.32.2 s3transfer-0.19.1 scipy-1.17.1 six-1.17.0 starlette-1.3.1 sympy-1.14.0 typing-extensions-4.16.0 typing-inspection-0.4.2 urllib3-2.7.0 uvicorn-0.51.0 uvloop-0.22.1 watchfiles-1.2.0 websockets-16.1
Backend tests	UNKNOWN STEP	2026-07-12T00:31:57.9986372Z Collecting pytest>=8.3.0
Backend tests	UNKNOWN STEP	2026-07-12T00:31:58.0006424Z   Using cached pytest-9.1.1-py3-none-any.whl.metadata (7.6 kB)
Backend tests	UNKNOWN STEP	2026-07-12T00:31:58.0107115Z Collecting iniconfig>=1.0.1 (from pytest>=8.3.0)
Backend tests	UNKNOWN STEP	2026-07-12T00:31:58.0125320Z   Using cached iniconfig-2.3.0-py3-none-any.whl.metadata (2.5 kB)
Backend tests	UNKNOWN STEP	2026-07-12T00:31:58.0144406Z Requirement already satisfied: packaging>=22 in /opt/hostedtoolcache/Python/3.11.15/x64/lib/python3.11/site-packages (from pytest>=8.3.0) (26.2)
Backend tests	UNKNOWN STEP	2026-07-12T00:31:58.0233404Z Collecting pluggy<2,>=1.5 (from pytest>=8.3.0)
Backend tests	UNKNOWN STEP	2026-07-12T00:31:58.0251010Z   Using cached pluggy-1.6.0-py3-none-any.whl.metadata (4.8 kB)
Backend tests	UNKNOWN STEP	2026-07-12T00:31:58.0403018Z Collecting pygments>=2.7.2 (from pytest>=8.3.0)
Backend tests	UNKNOWN STEP	2026-07-12T00:31:58.0421865Z   Using cached pygments-2.20.0-py3-none-any.whl.metadata (2.5 kB)
Backend tests	UNKNOWN STEP	2026-07-12T00:31:58.0464694Z Using cached pytest-9.1.1-py3-none-any.whl (386 kB)
Backend tests	UNKNOWN STEP	2026-07-12T00:31:58.0481705Z Using cached pluggy-1.6.0-py3-none-any.whl (20 kB)
Backend tests	UNKNOWN STEP	2026-07-12T00:31:58.0496853Z Using cached iniconfig-2.3.0-py3-none-any.whl (7.5 kB)
Backend tests	UNKNOWN STEP	2026-07-12T00:31:58.0512562Z Using cached pygments-2.20.0-py3-none-any.whl (1.2 MB)
Backend tests	UNKNOWN STEP	2026-07-12T00:31:58.1312536Z Installing collected packages: pygments, pluggy, iniconfig, pytest
Backend tests	UNKNOWN STEP	2026-07-12T00:31:59.0587316Z 
Backend tests	UNKNOWN STEP	2026-07-12T00:31:59.0613881Z Successfully installed iniconfig-2.3.0 pluggy-1.6.0 pygments-2.20.0 pytest-9.1.1
Backend tests	UNKNOWN STEP	2026-07-12T00:31:59.1253859Z ##[group]Run python - <<'PY'
Backend tests	UNKNOWN STEP	2026-07-12T00:31:59.1254203Z ^[[36;1mpython - <<'PY'^[[0m
Backend tests	UNKNOWN STEP	2026-07-12T00:31:59.1254465Z ^[[36;1mfrom pathlib import Path^[[0m
Backend tests	UNKNOWN STEP	2026-07-12T00:31:59.1254740Z ^[[36;1mroot = Path("..")^[[0m
Backend tests	UNKNOWN STEP	2026-07-12T00:31:59.1255065Z ^[[36;1msqlite = sorted((root / "migrations").glob("*.sql"))^[[0m
Backend tests	UNKNOWN STEP	2026-07-12T00:31:59.1255514Z ^[[36;1mpostgres = sorted((root / "migrations_postgres").glob("*.sql"))^[[0m
Backend tests	UNKNOWN STEP	2026-07-12T00:31:59.1255929Z ^[[36;1massert sqlite, "missing sqlite migrations"^[[0m
Backend tests	UNKNOWN STEP	2026-07-12T00:31:59.1256281Z ^[[36;1massert postgres, "missing postgres migrations"^[[0m
Backend tests	UNKNOWN STEP	2026-07-12T00:31:59.1256637Z ^[[36;1mprint(f"sqlite migrations: {len(sqlite)}")^[[0m
Backend tests	UNKNOWN STEP	2026-07-12T00:31:59.1256979Z ^[[36;1mprint(f"postgres migrations: {len(postgres)}")^[[0m
Backend tests	UNKNOWN STEP	2026-07-12T00:31:59.1257303Z ^[[36;1mfor path in postgres:^[[0m
Backend tests	UNKNOWN STEP	2026-07-12T00:31:59.1257598Z ^[[36;1m    text = path.read_text(encoding="utf-8")^[[0m
Backend tests	UNKNOWN STEP	2026-07-12T00:31:59.1258108Z ^[[36;1m    # Guard against TIMESTAMPTZ + CURRENT_TIMESTAMP cast path used by PostgresClient.^[[0m
Backend tests	UNKNOWN STEP	2026-07-12T00:31:59.1259010Z ^[[36;1m    if "TIMESTAMPTZ" in text.upper() and "CURRENT_TIMESTAMP" in text.upper():^[[0m
Backend tests	UNKNOWN STEP	2026-07-12T00:31:59.1259569Z ^[[36;1m        raise SystemExit(f"Avoid TIMESTAMPTZ + CURRENT_TIMESTAMP in {path.name}")^[[0m
Backend tests	UNKNOWN STEP	2026-07-12T00:31:59.1260013Z ^[[36;1mprint("migration checks ok")^[[0m
Backend tests	UNKNOWN STEP	2026-07-12T00:31:59.1260275Z ^[[36;1mPY^[[0m
Backend tests	UNKNOWN STEP	2026-07-12T00:31:59.1294578Z shell: /usr/bin/bash -e {0}
Backend tests	UNKNOWN STEP	2026-07-12T00:31:59.1294839Z env:
Backend tests	UNKNOWN STEP	2026-07-12T00:31:59.1295112Z   pythonLocation: /opt/hostedtoolcache/Python/3.11.15/x64
Backend tests	UNKNOWN STEP	2026-07-12T00:31:59.1295553Z   PKG_CONFIG_PATH: /opt/hostedtoolcache/Python/3.11.15/x64/lib/pkgconfig
Backend tests	UNKNOWN STEP	2026-07-12T00:31:59.1295994Z   Python_ROOT_DIR: /opt/hostedtoolcache/Python/3.11.15/x64
Backend tests	UNKNOWN STEP	2026-07-12T00:31:59.1296384Z   Python2_ROOT_DIR: /opt/hostedtoolcache/Python/3.11.15/x64
Backend tests	UNKNOWN STEP	2026-07-12T00:31:59.1296783Z   Python3_ROOT_DIR: /opt/hostedtoolcache/Python/3.11.15/x64
Backend tests	UNKNOWN STEP	2026-07-12T00:31:59.1297403Z   LD_LIBRARY_PATH: /opt/hostedtoolcache/Python/3.11.15/x64/lib
Backend tests	UNKNOWN STEP	2026-07-12T00:31:59.1297738Z ##[endgroup]
Backend tests	UNKNOWN STEP	2026-07-12T00:31:59.1553506Z sqlite migrations: 34
Backend tests	UNKNOWN STEP	2026-07-12T00:31:59.1554225Z postgres migrations: 10
Backend tests	UNKNOWN STEP	2026-07-12T00:31:59.1554914Z migration checks ok
Backend tests	UNKNOWN STEP	2026-07-12T00:31:59.1623042Z ##[group]Run python -m pytest -q --tb=line \
Backend tests	UNKNOWN STEP	2026-07-12T00:31:59.1623430Z ^[[36;1mpython -m pytest -q --tb=line \^[[0m
Backend tests	UNKNOWN STEP	2026-07-12T00:31:59.1623797Z ^[[36;1m  --ignore=tests/test_geometry_scenes_large_scale.py \^[[0m
Backend tests	UNKNOWN STEP	2026-07-12T00:31:59.1624198Z ^[[36;1m  --ignore=tests/test_math_core_large_scale.py^[[0m
Backend tests	UNKNOWN STEP	2026-07-12T00:31:59.1658086Z shell: /usr/bin/bash -e {0}
Backend tests	UNKNOWN STEP	2026-07-12T00:31:59.1658520Z env:
Backend tests	UNKNOWN STEP	2026-07-12T00:31:59.1658856Z   pythonLocation: /opt/hostedtoolcache/Python/3.11.15/x64
Backend tests	UNKNOWN STEP	2026-07-12T00:31:59.1659308Z   PKG_CONFIG_PATH: /opt/hostedtoolcache/Python/3.11.15/x64/lib/pkgconfig
Backend tests	UNKNOWN STEP	2026-07-12T00:31:59.1659749Z   Python_ROOT_DIR: /opt/hostedtoolcache/Python/3.11.15/x64
Backend tests	UNKNOWN STEP	2026-07-12T00:31:59.1660164Z   Python2_ROOT_DIR: /opt/hostedtoolcache/Python/3.11.15/x64
Backend tests	UNKNOWN STEP	2026-07-12T00:31:59.1660565Z   Python3_ROOT_DIR: /opt/hostedtoolcache/Python/3.11.15/x64
Backend tests	UNKNOWN STEP	2026-07-12T00:31:59.1660951Z   LD_LIBRARY_PATH: /opt/hostedtoolcache/Python/3.11.15/x64/lib
Backend tests	UNKNOWN STEP	2026-07-12T00:31:59.1661277Z   ENVIRONMENT: test
Backend tests	UNKNOWN STEP	2026-07-12T00:31:59.1661525Z   DATABASE_BACKEND: sqlite
Backend tests	UNKNOWN STEP	2026-07-12T00:31:59.1661755Z   AUTH_EMAIL_DEV_MODE: true
Backend tests	UNKNOWN STEP	2026-07-12T00:31:59.1661979Z ##[endgroup]
Backend tests	UNKNOWN STEP	2026-07-12T00:32:09.0266870Z ........................................................................ [  4%]
Backend tests	UNKNOWN STEP	2026-07-12T00:32:11.1471148Z ........................................................................ [  9%]
Backend tests	UNKNOWN STEP	2026-07-12T00:32:13.7663060Z ........................................................................ [ 14%]
Backend tests	UNKNOWN STEP	2026-07-12T00:32:15.6617158Z ........................................................................ [ 19%]
Backend tests	UNKNOWN STEP	2026-07-12T00:32:19.5432093Z ........................................................................ [ 24%]
Backend tests	UNKNOWN STEP	2026-07-12T00:32:31.2390761Z ........................................................................ [ 29%]
Backend tests	UNKNOWN STEP	2026-07-12T00:32:31.6442679Z ........................................................................ [ 34%]
Backend tests	UNKNOWN STEP	2026-07-12T00:32:32.0432111Z ........................................................................ [ 39%]
Backend tests	UNKNOWN STEP	2026-07-12T00:32:32.8403101Z ........................................................................ [ 44%]
Backend tests	UNKNOWN STEP	2026-07-12T00:32:33.0197442Z ........................................................................ [ 49%]
Backend tests	UNKNOWN STEP	2026-07-12T00:32:33.0740319Z ........................................................................ [ 54%]
Backend tests	UNKNOWN STEP	2026-07-12T00:32:33.1300510Z ........................................................................ [ 59%]
Backend tests	UNKNOWN STEP	2026-07-12T00:32:33.3309871Z ........................................................................ [ 64%]
Backend tests	UNKNOWN STEP	2026-07-12T00:32:39.9723434Z ........................................................................ [ 69%]
Backend tests	UNKNOWN STEP	2026-07-12T00:33:15.4083268Z ........................................................................ [ 74%]
Backend tests	UNKNOWN STEP	2026-07-12T00:33:39.5855800Z ........................................................................ [ 79%]
Backend tests	UNKNOWN STEP	2026-07-12T00:33:43.2599308Z ........................................................................ [ 84%]
Backend tests	UNKNOWN STEP	2026-07-12T00:33:58.5985717Z ........................................................................ [ 89%]
Backend tests	UNKNOWN STEP	2026-07-12T00:34:09.3099434Z ........................................................................ [ 94%]
Backend tests	UNKNOWN STEP	2026-07-12T00:34:13.0979227Z ........................................................................ [ 99%]
Backend tests	UNKNOWN STEP	2026-07-12T00:34:16.8558860Z .......                                                                  [100%]
Backend tests	UNKNOWN STEP	2026-07-12T00:34:16.8579013Z =============================== warnings summary ===============================
Backend tests	UNKNOWN STEP	2026-07-12T00:34:16.8619376Z ../../../../../../opt/hostedtoolcache/Python/3.11.15/x64/lib/python3.11/site-packages/fastapi/testclient.py:1
Backend tests	UNKNOWN STEP	2026-07-12T00:34:16.8621314Z   /opt/hostedtoolcache/Python/3.11.15/x64/lib/python3.11/site-packages/fastapi/testclient.py:1: StarletteDeprecationWarning: Using `httpx` with `starlette.testclient` is deprecated; install `httpx2` instead.
Backend tests	UNKNOWN STEP	2026-07-12T00:34:16.8623029Z     from starlette.testclient import TestClient as TestClient  # noqa
Backend tests	UNKNOWN STEP	2026-07-12T00:34:16.8623511Z 
Backend tests	UNKNOWN STEP	2026-07-12T00:34:16.8629647Z ../../../../../../opt/hostedtoolcache/Python/3.11.15/x64/lib/python3.11/site-packages/passlib/utils/__init__.py:854
Backend tests	UNKNOWN STEP	2026-07-12T00:34:16.8631578Z   /opt/hostedtoolcache/Python/3.11.15/x64/lib/python3.11/site-packages/passlib/utils/__init__.py:854: DeprecationWarning: 'crypt' is deprecated and slated for removal in Python 3.13
Backend tests	UNKNOWN STEP	2026-07-12T00:34:16.8633005Z     from crypt import crypt as _crypt
Backend tests	UNKNOWN STEP	2026-07-12T00:34:16.8633421Z 
Backend tests	UNKNOWN STEP	2026-07-12T00:34:16.8634035Z tests/test_admin_packages.py::test_admin_rejects_unknown_or_inactive_user_plan
Backend tests	UNKNOWN STEP	2026-07-12T00:34:16.8634990Z tests/test_admin_packages.py::test_admin_rejects_unknown_or_inactive_user_plan
Backend tests	UNKNOWN STEP	2026-07-12T00:34:16.8636771Z   /home/runner/work/math_ai_visualize/math_ai_visualize/backend/app/api/routes_admin.py:348: StarletteDeprecationWarning: 'HTTP_422_UNPROCESSABLE_ENTITY' is deprecated. Use 'HTTP_422_UNPROCESSABLE_CONTENT' instead.
Backend tests	UNKNOWN STEP	2026-07-12T00:34:16.8638687Z     patch["plan"] = await validate_known_plan(repo, str(patch["plan"]))
Backend tests	UNKNOWN STEP	2026-07-12T00:34:16.8639377Z 
Backend tests	UNKNOWN STEP	2026-07-12T00:34:16.8639837Z tests/test_admin_packages.py::test_admin_rejects_unknown_or_inactive_user_plan
Backend tests	UNKNOWN STEP	2026-07-12T00:34:16.8641561Z   /home/runner/work/math_ai_visualize/math_ai_visualize/backend/app/api/routes_admin.py:288: StarletteDeprecationWarning: 'HTTP_422_UNPROCESSABLE_ENTITY' is deprecated. Use 'HTTP_422_UNPROCESSABLE_CONTENT' instead.
Backend tests	UNKNOWN STEP	2026-07-12T00:34:16.8643180Z     await validate_known_plan(repo, plan)
Backend tests	UNKNOWN STEP	2026-07-12T00:34:16.8643606Z 
Backend tests	UNKNOWN STEP	2026-07-12T00:34:16.8644037Z tests/test_admin_packages.py::test_legacy_plan_settings_is_rejected
Backend tests	UNKNOWN STEP	2026-07-12T00:34:16.8645727Z   /home/runner/work/math_ai_visualize/math_ai_visualize/backend/app/api/routes_admin.py:625: StarletteDeprecationWarning: 'HTTP_422_UNPROCESSABLE_ENTITY' is deprecated. Use 'HTTP_422_UNPROCESSABLE_CONTENT' instead.
Backend tests	UNKNOWN STEP	2026-07-12T00:34:16.8647378Z     value = validate_system_setting(request.key, raw_value)
Backend tests	UNKNOWN STEP	2026-07-12T00:34:16.8647866Z 
Backend tests	UNKNOWN STEP	2026-07-12T00:34:16.8648823Z tests/test_model_registry.py::test_validate_system_setting_rejects_mismatched_provider_model
Backend tests	UNKNOWN STEP	2026-07-12T00:34:16.8650674Z   /home/runner/work/math_ai_visualize/math_ai_visualize/backend/app/api/routes_admin.py:762: StarletteDeprecationWarning: 'HTTP_422_UNPROCESSABLE_ENTITY' is deprecated. Use 'HTTP_422_UNPROCESSABLE_CONTENT' instead.
Backend tests	UNKNOWN STEP	2026-07-12T00:34:16.8652428Z     validate_ai_profiles_rules(SystemAiProfiles.model_validate(validated))
Backend tests	UNKNOWN STEP	2026-07-12T00:34:16.8653010Z 
Backend tests	UNKNOWN STEP	2026-07-12T00:34:16.8653518Z tests/test_model_registry.py::test_validate_tier_profiles_rejects_model_only_refs
Backend tests	UNKNOWN STEP	2026-07-12T00:34:16.8655271Z   /home/runner/work/math_ai_visualize/math_ai_visualize/backend/tests/test_model_registry.py:546: StarletteDeprecationWarning: 'HTTP_422_UNPROCESSABLE_ENTITY' is deprecated. Use 'HTTP_422_UNPROCESSABLE_CONTENT' instead.
Backend tests	UNKNOWN STEP	2026-07-12T00:34:16.8656957Z     validate_system_setting("ai_tier_profiles", {
Backend tests	UNKNOWN STEP	2026-07-12T00:34:16.8657389Z 
Backend tests	UNKNOWN STEP	2026-07-12T00:34:16.8657743Z tests/test_ocr.py::test_ocr_enforces_daily_plan_limit
Backend tests	UNKNOWN STEP	2026-07-12T00:34:16.8660103Z   /opt/hostedtoolcache/Python/3.11.15/x64/lib/python3.11/site-packages/starlette/testclient.py:454: DeprecationWarning: Setting per-request cookies=<...> is being deprecated, because the expected behaviour on cookie persistence is ambiguous. Set cookies directly on the client instance instead.
Backend tests	UNKNOWN STEP	2026-07-12T00:34:16.8663039Z     return super().request(
Backend tests	UNKNOWN STEP	2026-07-12T00:34:16.8663525Z 
Backend tests	UNKNOWN STEP	2026-07-12T00:34:16.8664386Z -- Docs: https://docs.pytest.org/en/stable/how-to/capture-warnings.html
Backend tests	UNKNOWN STEP	2026-07-12T00:34:16.8665287Z 1447 passed, 9 warnings in 136.77s (0:02:16)
Backend tests	UNKNOWN STEP	2026-07-12T00:34:17.8066211Z Node 20 is being deprecated. This workflow is running with Node 24 by default. If you need to temporarily use Node 20, you can set the ACTIONS_ALLOW_USE_UNSECURE_NODE_VERSION=true environment variable. For more information see: https://github.blog/changelog/2025-09-19-deprecation-of-node-20-on-github-actions-runners/
Backend tests	UNKNOWN STEP	2026-07-12T00:34:17.8067693Z Post job cleanup.
Backend tests	UNKNOWN STEP	2026-07-12T00:34:17.9358076Z Cache hit occurred on the primary key setup-python-Linux-x64-24.04-Ubuntu-python-3.11.15-pip-3a148057b844d3573ef00626c90902fb4df1f602c0cfd3124cc15799f5459fbd, not saving cache.
Backend tests	UNKNOWN STEP	2026-07-12T00:34:17.9360832Z (node:3055) [DEP0040] DeprecationWarning: The `punycode` module is deprecated. Please use a userland alternative instead.
Backend tests	UNKNOWN STEP	2026-07-12T00:34:17.9362556Z (Use `node --trace-deprecation ...` to show where the warning was created)
Backend tests	UNKNOWN STEP	2026-07-12T00:34:17.9517305Z Node 20 is being deprecated. This workflow is running with Node 24 by default. If you need to temporarily use Node 20, you can set the ACTIONS_ALLOW_USE_UNSECURE_NODE_VERSION=true environment variable. For more information see: https://github.blog/changelog/2025-09-19-deprecation-of-node-20-on-github-actions-runners/
Backend tests	UNKNOWN STEP	2026-07-12T00:34:17.9519602Z Post job cleanup.
Backend tests	UNKNOWN STEP	2026-07-12T00:34:18.0531152Z [command]/usr/bin/git version
Backend tests	UNKNOWN STEP	2026-07-12T00:34:18.0579324Z git version 2.54.0
Backend tests	UNKNOWN STEP	2026-07-12T00:34:18.0665077Z Temporarily overriding HOME='/home/runner/work/_temp/4075d053-328a-4fc7-a903-3492cecd33cf' before making global git config changes
Backend tests	UNKNOWN STEP	2026-07-12T00:34:18.0666546Z Adding repository directory to the temporary git global config as a safe directory
Backend tests	UNKNOWN STEP	2026-07-12T00:34:18.0667930Z [command]/usr/bin/git config --global --add safe.directory /home/runner/work/math_ai_visualize/math_ai_visualize
Backend tests	UNKNOWN STEP	2026-07-12T00:34:18.0722244Z [command]/usr/bin/git config --local --name-only --get-regexp core\.sshCommand
Backend tests	UNKNOWN STEP	2026-07-12T00:34:18.0810042Z [command]/usr/bin/git submodule foreach --recursive sh -c "git config --local --name-only --get-regexp 'core\.sshCommand' && git config --local --unset-all 'core.sshCommand' || :"
Backend tests	UNKNOWN STEP	2026-07-12T00:34:18.1239877Z [command]/usr/bin/git config --local --name-only --get-regexp http\.https\:\/\/github\.com\/\.extraheader
Backend tests	UNKNOWN STEP	2026-07-12T00:34:18.1241124Z http.https://github.com/.extraheader
Backend tests	UNKNOWN STEP	2026-07-12T00:34:18.1250631Z [command]/usr/bin/git config --local --unset-all http.https://github.com/.extraheader
Backend tests	UNKNOWN STEP	2026-07-12T00:34:18.1302020Z [command]/usr/bin/git submodule foreach --recursive sh -c "git config --local --name-only --get-regexp 'http\.https\:\/\/github\.com\/\.extraheader' && git config --local --unset-all 'http.https://github.com/.extraheader' || :"
Backend tests	UNKNOWN STEP	2026-07-12T00:34:18.1722140Z [command]/usr/bin/git config --local --name-only --get-regexp ^includeIf\.gitdir:
Backend tests	UNKNOWN STEP	2026-07-12T00:34:18.1780051Z [command]/usr/bin/git submodule foreach --recursive git config --local --show-origin --name-only --get-regexp remote.origin.url
Backend tests	UNKNOWN STEP	2026-07-12T00:34:18.2389718Z Cleaning up orphan processes
Backend tests	UNKNOWN STEP	2026-07-12T00:34:18.2692376Z ##[warning]Node.js 20 is deprecated. The following actions target Node.js 20 but are being forced to run on Node.js 24: actions/checkout@v4, actions/setup-python@v5. For more information see: https://github.blog/changelog/2025-09-19-deprecation-of-node-20-on-github-actions-runners/
