Schemathesis v4.22.4
━━━━━━━━━━━━━━━━━━━━


 ✅  Loaded specification from                                                  
 minh_chung/04-backend-api/MC-API-04/01-raw/openapi-workspace.json (in 0.36s)   

     Base URL:         http://127.0.0.1:18765                                   
     Specification:    Open API 3.1.0                                           
     Operations:       25 selected / 132 total                                  


 ✅  API capabilities:                                                          

     Supports NULL byte in headers:                            ✘                
     Accepts backslash and control characters in URL paths:    ✓                

 ⏭   Examples (in 0.14s)                                                        
                                                                                
     ⏭  25 skipped                                                              

 ❌  Coverage (in 43.65s)                                                       
                                                                                
     ✅  3 passed  ❌ 22 failed                                                 

 ❌  Fuzzing (in 2.62s)                                                         
                                                                                
     ❌  8 failed                                                               

=================================== FAILURES ===================================
____________________ DELETE /api/analyzer/history/{item_id} ____________________
1. Test Case ID: p7H6AV

- Undocumented HTTP status code

    Received: 401
    Documented: 204, 422

[401] Unauthorized:

    `{"detail":"Phiên đăng nhập đã hết hạn."}`

Reproduce with:

    curl -X DELETE -H 'Cookie: [Filtered]' http://127.0.0.1:18765/api/analyzer/history/0
    
    st replay p7H6AV

____________________ DELETE /api/analyzer/links/{short_id} _____________________
1. Test Case ID: nvCyT6

- Undocumented HTTP status code

    Received: 401
    Documented: 204, 422

[401] Unauthorized:

    `{"detail":"Phiên đăng nhập đã hết hạn."}`

Reproduce with:

    curl -X DELETE -H 'Cookie: [Filtered]' http://127.0.0.1:18765/api/analyzer/links/0
    
    st replay nvCyT6

__________________________ GET /api/analyzer/history ___________________________
1. Test Case ID: reKwvN

- Undocumented HTTP status code

    Received: 401
    Documented: 200, 422

[401] Unauthorized:

    `{"detail":"Bạn chưa đăng nhập."}`

Reproduce with:

    curl -X GET -H 'Cookie: [Filtered]' 'http://127.0.0.1:18765/api/analyzer/history?limit=30&q=0000000000000000000000000000000000000000000000000000000000000000000000000000000000000000000000000000000000000000000000000000000000000000000000000000000000000000000000000000000000000000000000000000000000000000000000000000000000000000000000000000000000000000&pinned=true&chapter=000000000000000000000000000000000000000000000000000000000000000000000000000000000000000000000000'
    
    st replay reKwvN

_____________________ GET /api/analyzer/history/{item_id} ______________________
1. Test Case ID: JZPO9H

- Undocumented HTTP status code

    Received: 401
    Documented: 200, 422

[401] Unauthorized:

    `{"detail":"Phiên đăng nhập đã hết hạn."}`

Reproduce with:

    curl -X GET -H 'Cookie: [Filtered]' http://127.0.0.1:18765/api/analyzer/history/0
    
    st replay JZPO9H

____________________________ GET /api/health/detail ____________________________
1. Test Case ID: XM5Uvg

- Undocumented HTTP status code

    Received: 401
    Documented: 200, 422

[401] Unauthorized:

    `{"detail":"Phiên đăng nhập đã hết hạn."}`

Reproduce with:

    curl -X GET -H 'Cookie: [Filtered]' http://127.0.0.1:18765/api/health/detail
    
    st replay XM5Uvg

____________________ PATCH /api/analyzer/history/{item_id} _____________________
1. Test Case ID: CDYND0

- Undocumented HTTP status code

    Received: 401
    Documented: 200, 422

[401] Unauthorized:

    `{"detail":"Phiên đăng nhập đã hết hạn."}`

Reproduce with:

    curl -X PATCH -H 'Content-Type: application/json' -H 'Cookie: [Filtered]' -d '{"chapter": null, "pinned": null, "tags": null}' http://127.0.0.1:18765/api/analyzer/history/0
    
    st replay CDYND0

______________________________ POST /api/analyze _______________________________
1. Test Case ID: LKkUL9

- Response violates schema

    {"code":"ANALYZER_INPUT_INVALID","correlation_id":"ee3ff744a7fc427087af61ae4478d083","message":"Dữ liệu yêu cầu phân tích không hợp lệ.","retryable":false,"stage":"request"} is not of type "array"

    Validated against the response schema for status code 422.

    Schema at /components/schemas/HTTPValidationError/properties/detail:

        {
            "type": "array",
            "items": {
                "$ref": "#/components/schemas/ValidationError"
            },
            "title": "Detail"
        }

    Value:

        {
            "code": "ANALYZER_INPUT_INVALID",
            "correlation_id": "ee3ff744a7fc427087af61ae4478d083",
            "message": "D\u1eef li\u1ec7u y\u00eau c\u1ea7u ph\u00e2n t\u00edch kh\u0...
            "retryable": false,
            "stage": "request"
        }

[422] Unprocessable Content:

    `{"detail":{"code":"ANALYZER_INPUT_INVALID","message":"Dữ liệu yêu cầu phân tích không hợp lệ.","correlation_id":"ee3ff744a7fc427087af61ae4478d083","stage":"request","retryable":false}}`

Reproduce with:

    curl -X POST -H 'Content-Type: application/json' -H 'Cookie: [Filtered]' -d '{"expression": "0", "interval": {"a": 0.0, "b": 0.0}, "line": {}, "parameter_conditions": {"targets": ["decreasing_r"]}, "parameter_mode": null, "parameters": {}, "provenance": {"model": "0", "provider": "0", "source": "ocr"}, "transform": null}' http://127.0.0.1:18765/api/analyze
    
    st replay LKkUL9

_______________________ POST /api/analyze/graph-samples ________________________
1. Test Case ID: uk3tYJ

- Response violates schema

    {"code":"ANALYZER_INPUT_INVALID","correlation_id":"fac71bd4b0814ce3a1d25bf68ff2de3d","message":"Dữ liệu yêu cầu phân tích không hợp lệ.","retryable":false,"stage":"request"} is not of type "array"

    Validated against the response schema for status code 422.

    Schema at /components/schemas/HTTPValidationError/properties/detail:

        {
            "type": "array",
            "items": {
                "$ref": "#/components/schemas/ValidationError"
            },
            "title": "Detail"
        }

    Value:

        {
            "code": "ANALYZER_INPUT_INVALID",
            "correlation_id": "fac71bd4b0814ce3a1d25bf68ff2de3d",
            "message": "D\u1eef li\u1ec7u y\u00eau c\u1ea7u ph\u00e2n t\u00edch kh\u0...
            "retryable": false,
            "stage": "request"
        }

[422] Unprocessable Content:

    `{"detail":{"code":"ANALYZER_INPUT_INVALID","message":"Dữ liệu yêu cầu phân tích không hợp lệ.","correlation_id":"fac71bd4b0814ce3a1d25bf68ff2de3d","stage":"request","retryable":false}}`

Reproduce with:

    curl -X POST -H 'Content-Type: application/json' -H 'Cookie: [Filtered]' -d '{"expression": "0", "max_points": 500, "parameters": {}, "window": {"x_max": 0.0, "x_min": 0.0}}' http://127.0.0.1:18765/api/analyze/graph-samples
    
    st replay uk3tYJ

____________________________ POST /api/analyze/ocr _____________________________
1. Test Case ID: XMeSF1

- Undocumented HTTP status code

    Received: 401
    Documented: 200, 422

[401] Unauthorized:

    `{"detail":"Phiên đăng nhập đã hết hạn."}`

Reproduce with:

    curl -X POST -H 'Content-Type: application/json' -H 'Cookie: [Filtered]' -d '{"image_data_url": null, "runtime_settings": null, "upload_id": null}' http://127.0.0.1:18765/api/analyze/ocr
    
    st replay XMeSF1

________________________ POST /api/analyze/ocr/extract _________________________
1. Test Case ID: 3Fgerg

- Undocumented HTTP status code

    Received: 401
    Documented: 200, 422

[401] Unauthorized:

    `{"detail":"Phiên đăng nhập đã hết hạn."}`

Reproduce with:

    curl -X POST -H 'Content-Type: application/json' -H 'Cookie: [Filtered]' -d '{"image_data_url": null, "runtime_settings": null, "upload_id": null}' http://127.0.0.1:18765/api/analyze/ocr/extract
    
    st replay 3Fgerg

__________________________ POST /api/analyzer/analyze __________________________
1. Test Case ID: P86GDi

- Response violates schema

    {"code":"ANALYZER_INPUT_INVALID","correlation_id":"f67682ec9a4d4217842686fd09775b72","message":"Dữ liệu yêu cầu phân tích không hợp lệ.","retryable":false,"stage":"request"} is not of type "array"

    Validated against the response schema for status code 422.

    Schema at /components/schemas/HTTPValidationError/properties/detail:

        {
            "type": "array",
            "items": {
                "$ref": "#/components/schemas/ValidationError"
            },
            "title": "Detail"
        }

    Value:

        {
            "code": "ANALYZER_INPUT_INVALID",
            "correlation_id": "f67682ec9a4d4217842686fd09775b72",
            "message": "D\u1eef li\u1ec7u y\u00eau c\u1ea7u ph\u00e2n t\u00edch kh\u0...
            "retryable": false,
            "stage": "request"
        }

[422] Unprocessable Content:

    `{"detail":{"code":"ANALYZER_INPUT_INVALID","message":"Dữ liệu yêu cầu phân tích không hợp lệ.","correlation_id":"f67682ec9a4d4217842686fd09775b72","stage":"request","retryable":false}}`

Reproduce with:

    curl -X POST -H 'Content-Type: application/json' -H 'Cookie: [Filtered]' -d '{"curriculum_profile": {"chapter": "Kh\u1ea3o s\u00e1t h\u00e0m s\u1ed1", "explanation_level": "standard", "grade": 12}, "parameter_mode": null, "parameters": {}, "provenance": {"model": "0", "provider": "0", "source": "ocr"}}' http://127.0.0.1:18765/api/analyzer/analyze
    
    st replay P86GDi

2. Test Case ID: xyMd0l

- API accepted schema-violating request

    Invalid data should have been rejected
    Expected: 400, 401, 403, 404, 405, 406, 409, 422, 428, 5xx
    Invalid component: in body - parameters -> m: Incorrect type

[200] OK:

    `{"expression":"0","expression_latex":"0","evaluated_expression":"0","evaluated_expression_latex":"0","parameters":{"detected":[],"active":{},"active_exact":{},"ranges":{}},"analysis_mode":"symbolic","parameter_mode":null,"requires_parameter_confirmation":false,"requires_substitution_for_graph":false,"parameter_analysis_v2":null,"derivative":"0","derivative_latex":"0","second_derivative":"0","second_derivative_latex":"0","critical_points":[],"inflection_points":[],"intervals_increasing":[],"intervals_decreas // Output truncated...`

Reproduce with:

    curl -X POST -H 'Content-Type: application/json' -H 'Cookie: [Filtered]' -d '{"curriculum_profile": {"chapter": "Kh\u1ea3o s\u00e1t h\u00e0m s\u1ed1", "explanation_level": "standard", "grade": 12}, "expression": "0", "parameter_mode": null, "parameters": {"m": false}, "provenance": {"model": "0", "provider": "0", "source": "ocr"}}' http://127.0.0.1:18765/api/analyzer/analyze
    
    st replay xyMd0l

3. Test Case ID: lRIueV

- Undocumented HTTP status code

    Received: 429
    Documented: 200, 422

[429] Too Many Requests:

    `{"detail":{"code":"ANALYZER_RATE_LIMITED","message":"Analyzer đang quá tải. Hãy thử lại sau.","correlation_id":"90e6cb2bfcc944e6a870465164de7148","stage":"rate_limit","retryable":true}}`

Reproduce with:

    curl -X POST -H 'Content-Type: application/json' -H 'Cookie: [Filtered]' -d '{"curriculum_profile": {"chapter": "Kh\u1ea3o s\u00e1t h\u00e0m s\u1ed1", "explanation_level": "standard", "grade": 12}, "expression": "0", "parameter_mode": null, "parameters": {}, "provenance": {"extraction_version": "function-ocr-v2", "model": "0", "provider": "0", "source": "ocr"}}' http://127.0.0.1:18765/api/analyzer/analyze
    
    st replay lRIueV

__________________________ POST /api/analyzer/export ___________________________
1. Test Case ID: 11Q628

- Undocumented HTTP status code

    Received: 401
    Documented: 200, 422

[401] Unauthorized:

    `{"detail":"Phiên đăng nhập đã hết hạn."}`

Reproduce with:

    curl -X POST -H 'Content-Type: application/json' -H 'Cookie: [Filtered]' -d '{"analysis_id": null, "curriculum_profile": {"chapter": "Kh\u1ea3o s\u00e1t h\u00e0m s\u1ed1", "explanation_level": "standard", "grade": 12}, "format": "pdf", "history_id": null, "template": "full"}' http://127.0.0.1:18765/api/analyzer/export
    
    st replay 11Q628

_________________________ POST /api/analyzer/handoffs __________________________
1. Test Case ID: hrsmUi

- Undocumented HTTP status code

    Received: 401
    Documented: 200, 422

[401] Unauthorized:

    `{"detail":"Phiên đăng nhập đã hết hạn."}`

Reproduce with:

    curl -X POST -H 'Content-Type: application/json' -H 'Cookie: [Filtered]' -d '{"analysis_id": "0000000000000000", "target": "render"}' http://127.0.0.1:18765/api/analyzer/handoffs
    
    st replay hrsmUi

__________________________ POST /api/analyzer/history __________________________
1. Test Case ID: YamoZU

- Undocumented HTTP status code

    Received: 401
    Documented: 200, 422

[401] Unauthorized:

    `{"detail":"Phiên đăng nhập đã hết hạn."}`

Reproduce with:

    curl -X POST -H 'Content-Type: application/json' -H 'Cookie: [Filtered]' -d '{"analysis_id": "0000000000000000", "curriculum_profile": {"chapter": "Kh\u1ea3o s\u00e1t h\u00e0m s\u1ed1", "explanation_level": "standard", "grade": 12}, "pinned": false, "tags": [], "tools": {}, "window": {"x_max": 0.0, "x_min": 0.0}}' http://127.0.0.1:18765/api/analyzer/history
    
    st replay YamoZU

________________ POST /api/analyzer/history/{item_id}/reanalyze ________________
1. Test Case ID: mbyaxk

- Undocumented HTTP status code

    Received: 401
    Documented: 200, 422

[401] Unauthorized:

    `{"detail":"Phiên đăng nhập đã hết hạn."}`

Reproduce with:

    curl -X POST -H 'Content-Type: application/json' -H 'Cookie: [Filtered]' -d '{"curriculum_profile": {}}' http://127.0.0.1:18765/api/analyzer/history/0/reanalyze
    
    st replay mbyaxk

_________________ POST /api/analyzer/links/{short_id}/consume __________________
1. Test Case ID: hwI9Qp

- Undocumented HTTP status code

    Received: 404
    Documented: 200, 422

[404] Not Found:

    `{"detail":"Link analyzer không tồn tại hoặc không còn hiệu lực."}`

Reproduce with:

    curl -X POST -H 'Content-Type: application/json' -H 'Cookie: [Filtered]' -d '{"scope": "open", "target": "render"}' http://127.0.0.1:18765/api/analyzer/links/0/consume
    
    st replay hwI9Qp

2. Test Case ID: bTXxcf

- Response violates schema

    {"code":"ANALYZER_INPUT_INVALID","correlation_id":"fc38c0525816423caecd6b7d82a72e73","message":"Dữ liệu yêu cầu phân tích không hợp lệ.","retryable":false,"stage":"request"} is not of type "array"

    Validated against the response schema for status code 422.

    Schema at /components/schemas/HTTPValidationError/properties/detail:

        {
            "type": "array",
            "items": {
                "$ref": "#/components/schemas/ValidationError"
            },
            "title": "Detail"
        }

    Value:

        {
            "code": "ANALYZER_INPUT_INVALID",
            "correlation_id": "fc38c0525816423caecd6b7d82a72e73",
            "message": "D\u1eef li\u1ec7u y\u00eau c\u1ea7u ph\u00e2n t\u00edch kh\u0...
            "retryable": false,
            "stage": "request"
        }

[422] Unprocessable Content:

    `{"detail":{"code":"ANALYZER_INPUT_INVALID","message":"Dữ liệu yêu cầu phân tích không hợp lệ.","correlation_id":"fc38c0525816423caecd6b7d82a72e73","stage":"request","retryable":false}}`

Reproduce with:

    curl -X POST -H 'Content-Type: application/json' -H 'Cookie: [Filtered]' -d '{"scope": "open"}' http://127.0.0.1:18765/api/analyzer/links/0/consume
    
    st replay bTXxcf

__________________________ POST /api/analyzer/shares ___________________________
1. Test Case ID: nof9jL

- Undocumented HTTP status code

    Received: 401
    Documented: 200, 422

[401] Unauthorized:

    `{"detail":"Phiên đăng nhập đã hết hạn."}`

Reproduce with:

    curl -X POST -H 'Content-Type: application/json' -H 'Cookie: [Filtered]' -d '{"allowed_origins": [], "analysis_id": "0000000000000000", "expires_in_minutes": 1440, "max_uses": 100, "scopes": ["api"], "target": "render", "visibility": "user"}' http://127.0.0.1:18765/api/analyzer/shares
    
    st replay nof9jL

__________________ POST /api/analyzer/tools/interval-extrema ___________________
1. Test Case ID: OJqyhD

- Response violates schema

    {"code":"ANALYZER_INPUT_INVALID","correlation_id":"04f1445b372444dca4e9a96e87a98b8e","message":"Dữ liệu yêu cầu phân tích không hợp lệ.","retryable":false,"stage":"request"} is not of type "array"

    Validated against the response schema for status code 422.

    Schema at /components/schemas/HTTPValidationError/properties/detail:

        {
            "type": "array",
            "items": {
                "$ref": "#/components/schemas/ValidationError"
            },
            "title": "Detail"
        }

    Value:

        {
            "code": "ANALYZER_INPUT_INVALID",
            "correlation_id": "04f1445b372444dca4e9a96e87a98b8e",
            "message": "D\u1eef li\u1ec7u y\u00eau c\u1ea7u ph\u00e2n t\u00edch kh\u0...
            "retryable": false,
            "stage": "request"
        }

[422] Unprocessable Content:

    `{"detail":{"code":"ANALYZER_INPUT_INVALID","message":"Dữ liệu yêu cầu phân tích không hợp lệ.","correlation_id":"04f1445b372444dca4e9a96e87a98b8e","stage":"request","retryable":false}}`

Reproduce with:

    curl -X POST -H 'Content-Type: application/json' -H 'Cookie: [Filtered]' -d '{"analysis_id": "0000000000000000", "interval": {"a": 0.0, "b": 0.0, "open_a": false, "open_b": false}}' http://127.0.0.1:18765/api/analyzer/tools/interval-extrema
    
    st replay OJqyhD

2. Test Case ID: SmRF8g

- Undocumented HTTP status code

    Received: 404
    Documented: 200, 422

[404] Not Found:

    `{"detail":{"code":"MODEL_NOT_FOUND","message":"Model đã chọn không tồn tại hoặc không khả dụng.","suggestions":["Kiểm tra model ID có đúng provider/model không.","Quét lại danh sách model hoặc chọn model khác trong allowlist."],"debug_message":"Analysis session không tồn tại hoặc đã hết hạn."}}`

Reproduce with:

    curl -X POST -H 'Content-Type: application/json' -H 'Cookie: [Filtered]' -d '{"analysis_id": "0000000000000000", "interval": {"a": 0.0, "b": 999999.0, "open_a": false, "open_b": false}}' http://127.0.0.1:18765/api/analyzer/tools/interval-extrema
    
    st replay SmRF8g

________________________ POST /api/analyzer/tools/line _________________________
1. Test Case ID: gTxuyj

- Undocumented HTTP status code

    Received: 404
    Documented: 200, 422

[404] Not Found:

    `{"detail":{"code":"MODEL_NOT_FOUND","message":"Model đã chọn không tồn tại hoặc không khả dụng.","suggestions":["Kiểm tra model ID có đúng provider/model không.","Quét lại danh sách model hoặc chọn model khác trong allowlist."],"debug_message":"Analysis session không tồn tại hoặc đã hết hạn."}}`

Reproduce with:

    curl -X POST -H 'Content-Type: application/json' -H 'Cookie: [Filtered]' -d '{"analysis_id": "0000000000000000", "line": {"b": 0, "k": 0, "mode": "intersect", "x0": 0, "y0": 0}}' http://127.0.0.1:18765/api/analyzer/tools/line
    
    st replay gTxuyj

2. Test Case ID: ZaqvOj

- Response violates schema

    {"code":"ANALYZER_INPUT_INVALID","correlation_id":"db885cc8b4144efba692736d9b7a1906","message":"Dữ liệu yêu cầu phân tích không hợp lệ.","retryable":false,"stage":"request"} is not of type "array"

    Validated against the response schema for status code 422.

    Schema at /components/schemas/HTTPValidationError/properties/detail:

        {
            "type": "array",
            "items": {
                "$ref": "#/components/schemas/ValidationError"
            },
            "title": "Detail"
        }

    Value:

        {
            "code": "ANALYZER_INPUT_INVALID",
            "correlation_id": "db885cc8b4144efba692736d9b7a1906",
            "message": "D\u1eef li\u1ec7u y\u00eau c\u1ea7u ph\u00e2n t\u00edch kh\u0...
            "retryable": false,
            "stage": "request"
        }

[422] Unprocessable Content:

    `{"detail":{"code":"ANALYZER_INPUT_INVALID","message":"Dữ liệu yêu cầu phân tích không hợp lệ.","correlation_id":"db885cc8b4144efba692736d9b7a1906","stage":"request","retryable":false}}`

Reproduce with:

    curl -X POST -H 'Content-Type: application/json' -H 'Cookie: [Filtered]' -d '{"analysis_id": "0000000000000000"}' http://127.0.0.1:18765/api/analyzer/tools/line
    
    st replay ZaqvOj

______________________ POST /api/analyzer/tools/parameter ______________________
1. Test Case ID: fKNEks

- Undocumented HTTP status code

    Received: 404
    Documented: 200, 422

[404] Not Found:

    `{"detail":{"code":"MODEL_NOT_FOUND","message":"Model đã chọn không tồn tại hoặc không khả dụng.","suggestions":["Kiểm tra model ID có đúng provider/model không.","Quét lại danh sách model hoặc chọn model khác trong allowlist."],"debug_message":"Analysis session không tồn tại hoặc đã hết hạn."}}`

Reproduce with:

    curl -X POST -H 'Content-Type: application/json' -H 'Cookie: [Filtered]' -d '{"analysis_id": "0000000000000000", "extrema_count": null, "targets": ["decreasing_r"]}' http://127.0.0.1:18765/api/analyzer/tools/parameter
    
    st replay fKNEks

2. Test Case ID: SPqcGU

- Response violates schema

    {"code":"ANALYZER_INPUT_INVALID","correlation_id":"0fdf8ddd0eb64c7eb788c27b7875f7c2","message":"Dữ liệu yêu cầu phân tích không hợp lệ.","retryable":false,"stage":"request"} is not of type "array"

    Validated against the response schema for status code 422.

    Schema at /components/schemas/HTTPValidationError/properties/detail:

        {
            "type": "array",
            "items": {
                "$ref": "#/components/schemas/ValidationError"
            },
            "title": "Detail"
        }

    Value:

        {
            "code": "ANALYZER_INPUT_INVALID",
            "correlation_id": "0fdf8ddd0eb64c7eb788c27b7875f7c2",
            "message": "D\u1eef li\u1ec7u y\u00eau c\u1ea7u ph\u00e2n t\u00edch kh\u0...
            "retryable": false,
            "stage": "request"
        }

[422] Unprocessable Content:

    `{"detail":{"code":"ANALYZER_INPUT_INVALID","message":"Dữ liệu yêu cầu phân tích không hợp lệ.","correlation_id":"0fdf8ddd0eb64c7eb788c27b7875f7c2","stage":"request","retryable":false}}`

Reproduce with:

    curl -X POST -H 'Content-Type: application/json' -H 'Cookie: [Filtered]' -d '{"extrema_count": null, "targets": ["decreasing_r"]}' http://127.0.0.1:18765/api/analyzer/tools/parameter
    
    st replay SPqcGU

_______________________ POST /api/analyzer/tools/tangent _______________________
1. Test Case ID: 2ag7us

- Undocumented HTTP status code

    Received: 404
    Documented: 200, 422

[404] Not Found:

    `{"detail":{"code":"MODEL_NOT_FOUND","message":"Model đã chọn không tồn tại hoặc không khả dụng.","suggestions":["Kiểm tra model ID có đúng provider/model không.","Quét lại danh sách model hoặc chọn model khác trong allowlist."],"debug_message":"Analysis session không tồn tại hoặc đã hết hạn."}}`

Reproduce with:

    curl -X POST -H 'Content-Type: application/json' -H 'Cookie: [Filtered]' -d '{"analysis_id": "0000000000000000", "x0": 0.0}' http://127.0.0.1:18765/api/analyzer/tools/tangent
    
    st replay 2ag7us

2. Test Case ID: O7w2pw

- Response violates schema

    {"code":"ANALYZER_INPUT_INVALID","correlation_id":"5c41d5cac22d486c83701385f6d17768","message":"Dữ liệu yêu cầu phân tích không hợp lệ.","retryable":false,"stage":"request"} is not of type "array"

    Validated against the response schema for status code 422.

    Schema at /components/schemas/HTTPValidationError/properties/detail:

        {
            "type": "array",
            "items": {
                "$ref": "#/components/schemas/ValidationError"
            },
            "title": "Detail"
        }

    Value:

        {
            "code": "ANALYZER_INPUT_INVALID",
            "correlation_id": "5c41d5cac22d486c83701385f6d17768",
            "message": "D\u1eef li\u1ec7u y\u00eau c\u1ea7u ph\u00e2n t\u00edch kh\u0...
            "retryable": false,
            "stage": "request"
        }

[422] Unprocessable Content:

    `{"detail":{"code":"ANALYZER_INPUT_INVALID","message":"Dữ liệu yêu cầu phân tích không hợp lệ.","correlation_id":"5c41d5cac22d486c83701385f6d17768","stage":"request","retryable":false}}`

Reproduce with:

    curl -X POST -H 'Content-Type: application/json' -H 'Cookie: [Filtered]' -d '{"analysis_id": "0000000000000000"}' http://127.0.0.1:18765/api/analyzer/tools/tangent
    
    st replay O7w2pw

______________________ POST /api/analyzer/tools/transform ______________________
1. Test Case ID: GshPVH

- Undocumented HTTP status code

    Received: 404
    Documented: 200, 422

[404] Not Found:

    `{"detail":{"code":"MODEL_NOT_FOUND","message":"Model đã chọn không tồn tại hoặc không khả dụng.","suggestions":["Kiểm tra model ID có đúng provider/model không.","Quét lại danh sách model hoặc chọn model khác trong allowlist."],"debug_message":"Analysis session không tồn tại hoặc đã hết hạn."}}`

Reproduce with:

    curl -X POST -H 'Content-Type: application/json' -H 'Cookie: [Filtered]' -d '{"analysis_id": "0000000000000000", "transform": {"type": "reflect_y"}}' http://127.0.0.1:18765/api/analyzer/tools/transform
    
    st replay GshPVH

2. Test Case ID: YOgwTu

- Response violates schema

    {"code":"ANALYZER_INPUT_INVALID","correlation_id":"a849f33fc88b4d8a916a55c0ab8f200c","message":"Dữ liệu yêu cầu phân tích không hợp lệ.","retryable":false,"stage":"request"} is not of type "array"

    Validated against the response schema for status code 422.

    Schema at /components/schemas/HTTPValidationError/properties/detail:

        {
            "type": "array",
            "items": {
                "$ref": "#/components/schemas/ValidationError"
            },
            "title": "Detail"
        }

    Value:

        {
            "code": "ANALYZER_INPUT_INVALID",
            "correlation_id": "a849f33fc88b4d8a916a55c0ab8f200c",
            "message": "D\u1eef li\u1ec7u y\u00eau c\u1ea7u ph\u00e2n t\u00edch kh\u0...
            "retryable": false,
            "stage": "request"
        }

[422] Unprocessable Content:

    `{"detail":{"code":"ANALYZER_INPUT_INVALID","message":"Dữ liệu yêu cầu phân tích không hợp lệ.","correlation_id":"a849f33fc88b4d8a916a55c0ab8f200c","stage":"request","retryable":false}}`

Reproduce with:

    curl -X POST -H 'Content-Type: application/json' -H 'Cookie: [Filtered]' -d '{"analysis_id": "0000000000000000"}' http://127.0.0.1:18765/api/analyzer/tools/transform
    
    st replay YOgwTu

3. Test Case ID: zQp8Jr

- Undocumented HTTP status code

    Received: 429
    Documented: 200, 422

[429] Too Many Requests:

    `{"detail":{"code":"ANALYZER_RATE_LIMITED","message":"Analyzer đang quá tải. Hãy thử lại sau.","correlation_id":"6ab7b26f4e9944258e24f684d7113255","stage":"rate_limit","retryable":true}}`

Reproduce with:

    curl -X POST -H 'Content-Type: application/json' -H 'Cookie: [Filtered]' -d '{"analysis_id": "0000000000000000", "transform": {"type": "vertical_shift", "value": 1000000}}' http://127.0.0.1:18765/api/analyzer/tools/transform
    
    st replay zQp8Jr

=================================== WARNINGS ===================================

Authentication failed: 11 operations returned authentication errors

401 Unauthorized (11 operations):
  - DELETE /api/analyzer/history/{item_id}
  - GET /api/analyzer/history
  - GET /api/analyzer/history/{item_id}
  - PATCH /api/analyzer/history/{item_id}
  - POST /api/analyze/ocr
  - POST /api/analyze/ocr/extract
  - POST /api/analyzer/export
  - POST /api/analyzer/handoffs
  - POST /api/analyzer/history
  - POST /api/analyzer/history/{item_id}/reanalyze
  - POST /api/analyzer/shares

💡 Ensure valid authentication credentials are set via --auth or -H

=================================== SUMMARY ====================================

API Operations:
  Selected: 25/132
  Tested: 25

Test Phases:
  ⏭  Examples
  ❌ Coverage
  ❌ Fuzzing
  ⏭  Stateful (failure limit reached)

Failures:
  ❌ Response violates schema: 9
  ❌ API accepted schema-violating request: 1
  ❌ Undocumented HTTP status code: 21

Warnings:
  ⚠️ Missing authentication: 11 operations returned only 401/403 responses

Test cases:
  2265 generated, 31 found 31 unique failures

Reports:
  - JUNIT: minh_chung/04-backend-api/MC-API-04/01-raw/schemathesis-report/junit-20260712T030709Z.xml
  - HAR: minh_chung/04-backend-api/MC-API-04/01-raw/schemathesis-report/har-20260712T030709Z.json
  - NDJSON: minh_chung/04-backend-api/MC-API-04/01-raw/schemathesis-report/ndjson-20260712T030709Z.ndjson

Seed: not used in the deterministic mode

======================= 31 failures, 1 warning in 46.58s =======================
