Collecting pip-audit==2.10.1
  Using cached pip_audit-2.10.1-py3-none-any.whl.metadata (28 kB)
Collecting bandit==1.9.4
  Using cached bandit-1.9.4-py3-none-any.whl.metadata (7.1 kB)
Collecting sslyze==6.3.1
  Using cached sslyze-6.3.1-py3-none-any.whl
Collecting locust==2.45.0
  Using cached locust-2.45.0-py3-none-any.whl.metadata (11 kB)
Collecting schemathesis==4.22.4
  Using cached schemathesis-4.22.4-py3-none-any.whl.metadata (10.0 kB)
Collecting pytest-cov
  Using cached pytest_cov-7.1.0-py3-none-any.whl.metadata (32 kB)
Collecting CacheControl>=0.13.0 (from CacheControl[filecache]>=0.13.0->pip-audit==2.10.1)
  Using cached cachecontrol-0.14.4-py3-none-any.whl.metadata (3.1 kB)
Collecting cyclonedx-python-lib<12,>=5 (from pip-audit==2.10.1)
  Using cached cyclonedx_python_lib-11.11.0-py3-none-any.whl.metadata (6.9 kB)
Collecting packaging>=23.0.0 (from pip-audit==2.10.1)
  Using cached packaging-26.2-py3-none-any.whl.metadata (3.5 kB)
Collecting pip-api>=0.0.28 (from pip-audit==2.10.1)
  Using cached pip_api-0.0.34-py3-none-any.whl.metadata (6.6 kB)
Collecting pip-requirements-parser>=32.0.0 (from pip-audit==2.10.1)
  Using cached pip_requirements_parser-32.0.1-py3-none-any.whl.metadata (9.3 kB)
Collecting requests>=2.31.0 (from pip-audit==2.10.1)
  Using cached requests-2.34.2-py3-none-any.whl.metadata (4.8 kB)
Collecting rich>=12.4 (from pip-audit==2.10.1)
  Using cached rich-15.0.0-py3-none-any.whl.metadata (18 kB)
Collecting tomli>=2.2.1 (from pip-audit==2.10.1)
  Using cached tomli-2.4.1-cp312-cp312-manylinux2014_x86_64.manylinux_2_17_x86_64.manylinux_2_28_x86_64.whl.metadata (10 kB)
Collecting tomli-w>=1.2.0 (from pip-audit==2.10.1)
  Using cached tomli_w-1.2.0-py3-none-any.whl.metadata (5.7 kB)
Collecting platformdirs>=4.2.0 (from pip-audit==2.10.1)
  Using cached platformdirs-4.10.0-py3-none-any.whl.metadata (5.5 kB)
Collecting PyYAML>=5.3.1 (from bandit==1.9.4)
  Using cached pyyaml-6.0.3-cp312-cp312-manylinux2014_x86_64.manylinux_2_17_x86_64.manylinux_2_28_x86_64.whl.metadata (2.4 kB)
Collecting stevedore>=1.20.0 (from bandit==1.9.4)
  Using cached stevedore-5.9.0-py3-none-any.whl.metadata (2.3 kB)
Collecting nassl<6,>=5.4 (from sslyze==6.3.1)
  Using cached nassl-5.4.0-cp312-cp312-manylinux2014_x86_64.manylinux_2_17_x86_64.whl.metadata (1.1 kB)
Collecting cryptography<47,>=43 (from sslyze==6.3.1)
  Using cached cryptography-46.0.7-cp311-abi3-manylinux_2_34_x86_64.whl.metadata (5.7 kB)
Collecting tls-parser<3,>=2 (from sslyze==6.3.1)
  Using cached tls_parser-2.0.2-py3-none-any.whl.metadata (388 bytes)
Collecting pydantic<3,>=2.3 (from sslyze==6.3.1)
  Using cached pydantic-2.13.4-py3-none-any.whl.metadata (109 kB)
Collecting configargparse>=1.7.1 (from locust==2.45.0)
  Using cached configargparse-1.7.5-py3-none-any.whl.metadata (23 kB)
Collecting flask-cors>=3.0.10 (from locust==2.45.0)
  Using cached flask_cors-6.0.5-py3-none-any.whl.metadata (5.4 kB)
Collecting flask-login>=0.6.3 (from locust==2.45.0)
  Using cached Flask_Login-0.6.3-py3-none-any.whl.metadata (5.8 kB)
Collecting flask>=2.0.0 (from locust==2.45.0)
  Using cached flask-3.1.3-py3-none-any.whl.metadata (3.2 kB)
Collecting gevent!=25.8.1,<26.0.0,>=24.10.1 (from locust==2.45.0)
  Using cached gevent-25.9.1-cp312-cp312-manylinux2014_x86_64.manylinux_2_17_x86_64.whl.metadata (14 kB)
Collecting geventhttpclient>=2.3.1 (from locust==2.45.0)
  Using cached geventhttpclient-2.3.9-cp312-cp312-manylinux1_x86_64.manylinux_2_28_x86_64.manylinux_2_5_x86_64.whl.metadata (8.5 kB)
Collecting msgpack>=1.0.0 (from locust==2.45.0)
  Using cached msgpack-1.2.1-cp312-cp312-manylinux2014_x86_64.manylinux_2_17_x86_64.manylinux_2_28_x86_64.whl.metadata (8.3 kB)
Collecting psutil>=5.9.1 (from locust==2.45.0)
  Using cached psutil-7.2.2-cp36-abi3-manylinux2010_x86_64.manylinux_2_12_x86_64.manylinux_2_28_x86_64.whl.metadata (22 kB)
Collecting pytest<10,>=8.3.3 (from locust==2.45.0)
  Using cached pytest-9.1.1-py3-none-any.whl.metadata (7.6 kB)
Collecting python-engineio>=4.12.2 (from locust==2.45.0)
  Using cached python_engineio-4.13.3-py3-none-any.whl.metadata (2.3 kB)
Collecting python-socketio>=5.13.0 (from python-socketio[client]>=5.13.0->locust==2.45.0)
  Using cached python_socketio-5.16.3-py3-none-any.whl.metadata (3.3 kB)
Collecting pyzmq>=25.0.0 (from locust==2.45.0)
  Using cached pyzmq-27.1.0-cp312-abi3-manylinux_2_26_x86_64.manylinux_2_28_x86_64.whl.metadata (6.0 kB)
Collecting werkzeug>=2.0.0 (from locust==2.45.0)
  Using cached werkzeug-3.1.8-py3-none-any.whl.metadata (4.0 kB)
Collecting click<9,>=8.0 (from schemathesis==4.22.4)
  Using cached click-8.4.2-py3-none-any.whl.metadata (2.6 kB)
Collecting harfile<1.0,>=0.5.0 (from schemathesis==4.22.4)
  Using cached harfile-0.5.0-py3-none-any.whl.metadata (4.1 kB)
Collecting hypothesis-graphql<1,>=0.13.0 (from schemathesis==4.22.4)
  Using cached hypothesis_graphql-0.13.0-py3-none-any.whl.metadata (8.1 kB)
Collecting hypothesis-jsonschema<0.24,>=0.23.1 (from schemathesis==4.22.4)
  Using cached hypothesis_jsonschema-0.23.1-py3-none-any.whl.metadata (4.4 kB)
Collecting hypothesis<7,>=6.108.0 (from schemathesis==4.22.4)
  Using cached hypothesis-6.156.6-cp312-cp312-manylinux_2_17_x86_64.manylinux2014_x86_64.whl.metadata (5.7 kB)
Collecting jsonschema-rs>=0.47.0 (from schemathesis==4.22.4)
  Using cached jsonschema_rs-0.47.0-cp310-abi3-manylinux_2_17_x86_64.manylinux2014_x86_64.whl.metadata (26 kB)
Collecting pyrate-limiter<5.0,>=4.0 (from schemathesis==4.22.4)
  Using cached pyrate_limiter-4.4.0-py3-none-any.whl.metadata (21 kB)
Collecting starlette-testclient<1,>=0.4.1 (from schemathesis==4.22.4)
  Using cached starlette_testclient-0.4.1-py3-none-any.whl.metadata (2.5 kB)
Collecting typing-extensions>=4.12.2 (from schemathesis==4.22.4)
  Using cached typing_extensions-4.16.0-py3-none-any.whl.metadata (3.3 kB)
Collecting cffi>=2.0.0 (from cryptography<47,>=43->sslyze==6.3.1)
  Using cached cffi-2.1.0-cp312-cp312-manylinux2014_x86_64.manylinux_2_17_x86_64.whl.metadata (2.5 kB)
Collecting license-expression<31,>=30 (from cyclonedx-python-lib<12,>=5->pip-audit==2.10.1)
  Using cached license_expression-30.4.4-py3-none-any.whl.metadata (11 kB)
Collecting packageurl-python<2,>=0.11 (from cyclonedx-python-lib<12,>=5->pip-audit==2.10.1)
  Using cached packageurl_python-0.17.6-py3-none-any.whl.metadata (5.1 kB)
Collecting py-serializable<3.0.0,>=2.1.0 (from cyclonedx-python-lib<12,>=5->pip-audit==2.10.1)
  Using cached py_serializable-2.1.0-py3-none-any.whl.metadata (4.3 kB)
Collecting sortedcontainers<3.0.0,>=2.4.0 (from cyclonedx-python-lib<12,>=5->pip-audit==2.10.1)
  Using cached sortedcontainers-2.4.0-py2.py3-none-any.whl.metadata (10 kB)
Collecting greenlet>=3.2.2 (from gevent!=25.8.1,<26.0.0,>=24.10.1->locust==2.45.0)
  Using cached greenlet-3.5.3-cp312-cp312-manylinux_2_24_x86_64.manylinux_2_28_x86_64.whl.metadata (3.8 kB)
Collecting zope.event (from gevent!=25.8.1,<26.0.0,>=24.10.1->locust==2.45.0)
  Using cached zope_event-6.2-py3-none-any.whl.metadata (5.4 kB)
Collecting zope.interface (from gevent!=25.8.1,<26.0.0,>=24.10.1->locust==2.45.0)
  Using cached zope_interface-8.5-cp312-cp312-manylinux1_x86_64.manylinux2014_x86_64.manylinux_2_17_x86_64.manylinux_2_5_x86_64.whl.metadata (47 kB)
Collecting graphql-core<3.3.0,>=3.1.0 (from hypothesis-graphql<1,>=0.13.0->schemathesis==4.22.4)
  Using cached graphql_core-3.2.11-py3-none-any.whl.metadata (11 kB)
Collecting jsonschema>=4.18.0 (from hypothesis-jsonschema<0.24,>=0.23.1->schemathesis==4.22.4)
  Using cached jsonschema-4.26.0-py3-none-any.whl.metadata (7.6 kB)
Collecting boolean.py>=4.0 (from license-expression<31,>=30->cyclonedx-python-lib<12,>=5->pip-audit==2.10.1)
  Using cached boolean_py-5.0-py3-none-any.whl.metadata (2.3 kB)
Collecting defusedxml<0.8.0,>=0.7.1 (from py-serializable<3.0.0,>=2.1.0->cyclonedx-python-lib<12,>=5->pip-audit==2.10.1)
  Using cached defusedxml-0.7.1-py2.py3-none-any.whl.metadata (32 kB)
Collecting annotated-types>=0.6.0 (from pydantic<3,>=2.3->sslyze==6.3.1)
  Using cached annotated_types-0.7.0-py3-none-any.whl.metadata (15 kB)
Collecting pydantic-core==2.46.4 (from pydantic<3,>=2.3->sslyze==6.3.1)
  Using cached pydantic_core-2.46.4-cp312-cp312-manylinux_2_17_x86_64.manylinux2014_x86_64.whl.metadata (6.6 kB)
Collecting typing-inspection>=0.4.2 (from pydantic<3,>=2.3->sslyze==6.3.1)
  Using cached typing_inspection-0.4.2-py3-none-any.whl.metadata (2.6 kB)
Collecting iniconfig>=1.0.1 (from pytest<10,>=8.3.3->locust==2.45.0)
  Using cached iniconfig-2.3.0-py3-none-any.whl.metadata (2.5 kB)
Collecting pluggy<2,>=1.5 (from pytest<10,>=8.3.3->locust==2.45.0)
  Using cached pluggy-1.6.0-py3-none-any.whl.metadata (4.8 kB)
Collecting pygments>=2.7.2 (from pytest<10,>=8.3.3->locust==2.45.0)
  Using cached pygments-2.20.0-py3-none-any.whl.metadata (2.5 kB)
Collecting charset_normalizer<4,>=2 (from requests>=2.31.0->pip-audit==2.10.1)
  Using cached charset_normalizer-3.4.9-cp312-cp312-manylinux2014_x86_64.manylinux_2_17_x86_64.manylinux_2_28_x86_64.whl.metadata (41 kB)
Collecting idna<4,>=2.5 (from requests>=2.31.0->pip-audit==2.10.1)
  Using cached idna-3.18-py3-none-any.whl.metadata (6.1 kB)
Collecting urllib3<3,>=1.26 (from requests>=2.31.0->pip-audit==2.10.1)
  Using cached urllib3-2.7.0-py3-none-any.whl.metadata (6.9 kB)
Collecting certifi>=2023.5.7 (from requests>=2.31.0->pip-audit==2.10.1)
  Using cached certifi-2026.6.17-py3-none-any.whl.metadata (2.5 kB)
Collecting starlette>=0.20.1 (from starlette-testclient<1,>=0.4.1->schemathesis==4.22.4)
  Using cached starlette-1.3.1-py3-none-any.whl.metadata (6.4 kB)
Collecting markupsafe>=2.1.1 (from werkzeug>=2.0.0->locust==2.45.0)
  Using cached markupsafe-3.0.3-cp312-cp312-manylinux2014_x86_64.manylinux_2_17_x86_64.manylinux_2_28_x86_64.whl.metadata (2.7 kB)
Collecting coverage>=7.10.6 (from coverage[toml]>=7.10.6->pytest-cov)
  Using cached coverage-7.15.0-cp312-cp312-manylinux1_x86_64.manylinux_2_28_x86_64.manylinux_2_5_x86_64.whl.metadata (8.6 kB)
Collecting filelock>=3.8.0 (from CacheControl[filecache]>=0.13.0->pip-audit==2.10.1)
  Using cached filelock-3.29.7-py3-none-any.whl.metadata (2.0 kB)
Collecting pycparser (from cffi>=2.0.0->cryptography<47,>=43->sslyze==6.3.1)
  Using cached pycparser-3.0-py3-none-any.whl.metadata (8.2 kB)
Collecting blinker>=1.9.0 (from flask>=2.0.0->locust==2.45.0)
  Using cached blinker-1.9.0-py3-none-any.whl.metadata (1.6 kB)
Collecting itsdangerous>=2.2.0 (from flask>=2.0.0->locust==2.45.0)
  Using cached itsdangerous-2.2.0-py3-none-any.whl.metadata (1.9 kB)
Collecting jinja2>=3.1.2 (from flask>=2.0.0->locust==2.45.0)
  Using cached jinja2-3.1.6-py3-none-any.whl.metadata (2.9 kB)
Collecting brotli (from geventhttpclient>=2.3.1->locust==2.45.0)
  Using cached brotli-1.2.0-cp312-cp312-manylinux2014_x86_64.manylinux_2_17_x86_64.whl.metadata (6.1 kB)
Collecting attrs>=22.2.0 (from jsonschema>=4.18.0->hypothesis-jsonschema<0.24,>=0.23.1->schemathesis==4.22.4)
  Using cached attrs-26.1.0-py3-none-any.whl.metadata (8.8 kB)
Collecting jsonschema-specifications>=2023.03.6 (from jsonschema>=4.18.0->hypothesis-jsonschema<0.24,>=0.23.1->schemathesis==4.22.4)
  Using cached jsonschema_specifications-2025.9.1-py3-none-any.whl.metadata (2.9 kB)
Collecting referencing>=0.28.4 (from jsonschema>=4.18.0->hypothesis-jsonschema<0.24,>=0.23.1->schemathesis==4.22.4)
  Using cached referencing-0.37.0-py3-none-any.whl.metadata (2.8 kB)
Collecting rpds-py>=0.25.0 (from jsonschema>=4.18.0->hypothesis-jsonschema<0.24,>=0.23.1->schemathesis==4.22.4)
  Using cached rpds_py-2026.6.3-cp312-cp312-manylinux_2_17_x86_64.manylinux2014_x86_64.whl.metadata (4.1 kB)
Requirement already satisfied: pip in ./.evidence-tools/lib/python3.12/site-packages (from pip-api>=0.0.28->pip-audit==2.10.1) (26.1.2)
Collecting pyparsing (from pip-requirements-parser>=32.0.0->pip-audit==2.10.1)
  Using cached pyparsing-3.3.2-py3-none-any.whl.metadata (5.8 kB)
Collecting simple-websocket>=0.10.0 (from python-engineio>=4.12.2->locust==2.45.0)
  Using cached simple_websocket-1.1.0-py3-none-any.whl.metadata (1.5 kB)
Collecting bidict>=0.21.0 (from python-socketio>=5.13.0->python-socketio[client]>=5.13.0->locust==2.45.0)
  Using cached bidict-0.23.1-py3-none-any.whl.metadata (8.7 kB)
Collecting websocket-client>=0.54.0 (from python-socketio[client]>=5.13.0->locust==2.45.0)
  Using cached websocket_client-1.9.0-py3-none-any.whl.metadata (8.3 kB)
Collecting markdown-it-py>=2.2.0 (from rich>=12.4->pip-audit==2.10.1)
  Using cached markdown_it_py-4.2.0-py3-none-any.whl.metadata (7.4 kB)
Collecting mdurl~=0.1 (from markdown-it-py>=2.2.0->rich>=12.4->pip-audit==2.10.1)
  Using cached mdurl-0.1.2-py3-none-any.whl.metadata (1.6 kB)
Collecting wsproto (from simple-websocket>=0.10.0->python-engineio>=4.12.2->locust==2.45.0)
  Using cached wsproto-1.3.2-py3-none-any.whl.metadata (5.2 kB)
Collecting anyio<5,>=3.6.2 (from starlette>=0.20.1->starlette-testclient<1,>=0.4.1->schemathesis==4.22.4)
  Using cached anyio-4.14.1-py3-none-any.whl.metadata (4.6 kB)
Collecting h11<1,>=0.16.0 (from wsproto->simple-websocket>=0.10.0->python-engineio>=4.12.2->locust==2.45.0)
  Using cached h11-0.16.0-py3-none-any.whl.metadata (8.3 kB)
Using cached pip_audit-2.10.1-py3-none-any.whl (62 kB)
Using cached bandit-1.9.4-py3-none-any.whl (134 kB)
Using cached locust-2.45.0-py3-none-any.whl (1.5 MB)
Using cached schemathesis-4.22.4-py3-none-any.whl (785 kB)
Using cached click-8.4.2-py3-none-any.whl (119 kB)
Using cached cryptography-46.0.7-cp311-abi3-manylinux_2_34_x86_64.whl (4.5 MB)
Using cached cyclonedx_python_lib-11.11.0-py3-none-any.whl (528 kB)
Using cached gevent-25.9.1-cp312-cp312-manylinux2014_x86_64.manylinux_2_17_x86_64.whl (2.1 MB)
Using cached harfile-0.5.0-py3-none-any.whl (7.2 kB)
Using cached hypothesis-6.156.6-cp312-cp312-manylinux_2_17_x86_64.manylinux2014_x86_64.whl (1.1 MB)
Using cached hypothesis_graphql-0.13.0-py3-none-any.whl (22 kB)
Using cached graphql_core-3.2.11-py3-none-any.whl (214 kB)
Using cached hypothesis_jsonschema-0.23.1-py3-none-any.whl (29 kB)
Using cached license_expression-30.4.4-py3-none-any.whl (120 kB)
Using cached nassl-5.4.0-cp312-cp312-manylinux2014_x86_64.manylinux_2_17_x86_64.whl (2.7 MB)
Using cached packageurl_python-0.17.6-py3-none-any.whl (36 kB)
Using cached py_serializable-2.1.0-py3-none-any.whl (23 kB)
Using cached defusedxml-0.7.1-py2.py3-none-any.whl (25 kB)
Using cached pydantic-2.13.4-py3-none-any.whl (472 kB)
Using cached pydantic_core-2.46.4-cp312-cp312-manylinux_2_17_x86_64.manylinux2014_x86_64.whl (2.1 MB)
Using cached pyrate_limiter-4.4.0-py3-none-any.whl (43 kB)
Using cached pytest-9.1.1-py3-none-any.whl (386 kB)
Using cached pluggy-1.6.0-py3-none-any.whl (20 kB)
Using cached pyyaml-6.0.3-cp312-cp312-manylinux2014_x86_64.manylinux_2_17_x86_64.manylinux_2_28_x86_64.whl (807 kB)
Using cached requests-2.34.2-py3-none-any.whl (73 kB)
Using cached charset_normalizer-3.4.9-cp312-cp312-manylinux2014_x86_64.manylinux_2_17_x86_64.manylinux_2_28_x86_64.whl (224 kB)
Using cached idna-3.18-py3-none-any.whl (65 kB)
Using cached sortedcontainers-2.4.0-py2.py3-none-any.whl (29 kB)
Using cached starlette_testclient-0.4.1-py3-none-any.whl (8.1 kB)
Using cached tls_parser-2.0.2-py3-none-any.whl (11 kB)
Using cached typing_extensions-4.16.0-py3-none-any.whl (45 kB)
Using cached urllib3-2.7.0-py3-none-any.whl (131 kB)
Using cached werkzeug-3.1.8-py3-none-any.whl (226 kB)
Using cached pytest_cov-7.1.0-py3-none-any.whl (22 kB)
Using cached annotated_types-0.7.0-py3-none-any.whl (13 kB)
Using cached boolean_py-5.0-py3-none-any.whl (26 kB)
Using cached cachecontrol-0.14.4-py3-none-any.whl (22 kB)
Using cached msgpack-1.2.1-cp312-cp312-manylinux2014_x86_64.manylinux_2_17_x86_64.manylinux_2_28_x86_64.whl (419 kB)
Using cached certifi-2026.6.17-py3-none-any.whl (133 kB)
Using cached cffi-2.1.0-cp312-cp312-manylinux2014_x86_64.manylinux_2_17_x86_64.whl (221 kB)
Using cached configargparse-1.7.5-py3-none-any.whl (27 kB)
Using cached coverage-7.15.0-cp312-cp312-manylinux1_x86_64.manylinux_2_28_x86_64.manylinux_2_5_x86_64.whl (255 kB)
Using cached filelock-3.29.7-py3-none-any.whl (46 kB)
Using cached flask-3.1.3-py3-none-any.whl (103 kB)
Using cached blinker-1.9.0-py3-none-any.whl (8.5 kB)
Using cached flask_cors-6.0.5-py3-none-any.whl (16 kB)
Using cached Flask_Login-0.6.3-py3-none-any.whl (17 kB)
Using cached geventhttpclient-2.3.9-cp312-cp312-manylinux1_x86_64.manylinux_2_28_x86_64.manylinux_2_5_x86_64.whl (115 kB)
Using cached greenlet-3.5.3-cp312-cp312-manylinux_2_24_x86_64.manylinux_2_28_x86_64.whl (614 kB)
Using cached iniconfig-2.3.0-py3-none-any.whl (7.5 kB)
Using cached itsdangerous-2.2.0-py3-none-any.whl (16 kB)
Using cached jinja2-3.1.6-py3-none-any.whl (134 kB)
Using cached jsonschema-4.26.0-py3-none-any.whl (90 kB)
Using cached attrs-26.1.0-py3-none-any.whl (67 kB)
Using cached jsonschema_rs-0.47.0-cp310-abi3-manylinux_2_17_x86_64.manylinux2014_x86_64.whl (4.1 MB)
Using cached jsonschema_specifications-2025.9.1-py3-none-any.whl (18 kB)
Using cached markupsafe-3.0.3-cp312-cp312-manylinux2014_x86_64.manylinux_2_17_x86_64.manylinux_2_28_x86_64.whl (22 kB)
Using cached packaging-26.2-py3-none-any.whl (100 kB)
Using cached pip_api-0.0.34-py3-none-any.whl (120 kB)
Using cached pip_requirements_parser-32.0.1-py3-none-any.whl (35 kB)
Using cached platformdirs-4.10.0-py3-none-any.whl (22 kB)
Using cached psutil-7.2.2-cp36-abi3-manylinux2010_x86_64.manylinux_2_12_x86_64.manylinux_2_28_x86_64.whl (155 kB)
Using cached pygments-2.20.0-py3-none-any.whl (1.2 MB)
Using cached python_engineio-4.13.3-py3-none-any.whl (59 kB)
Using cached python_socketio-5.16.3-py3-none-any.whl (82 kB)
Using cached bidict-0.23.1-py3-none-any.whl (32 kB)
Using cached pyzmq-27.1.0-cp312-abi3-manylinux_2_26_x86_64.manylinux_2_28_x86_64.whl (840 kB)
Using cached referencing-0.37.0-py3-none-any.whl (26 kB)
Using cached rich-15.0.0-py3-none-any.whl (310 kB)
Using cached markdown_it_py-4.2.0-py3-none-any.whl (91 kB)
Using cached mdurl-0.1.2-py3-none-any.whl (10.0 kB)
Using cached rpds_py-2026.6.3-cp312-cp312-manylinux_2_17_x86_64.manylinux2014_x86_64.whl (366 kB)
Using cached simple_websocket-1.1.0-py3-none-any.whl (13 kB)
Using cached starlette-1.3.1-py3-none-any.whl (73 kB)
Using cached anyio-4.14.1-py3-none-any.whl (124 kB)
Using cached stevedore-5.9.0-py3-none-any.whl (54 kB)
Using cached tomli-2.4.1-cp312-cp312-manylinux2014_x86_64.manylinux_2_17_x86_64.manylinux_2_28_x86_64.whl (253 kB)
Using cached tomli_w-1.2.0-py3-none-any.whl (6.7 kB)
Using cached typing_inspection-0.4.2-py3-none-any.whl (14 kB)
Using cached websocket_client-1.9.0-py3-none-any.whl (82 kB)
Using cached brotli-1.2.0-cp312-cp312-manylinux2014_x86_64.manylinux_2_17_x86_64.whl (1.4 MB)
Using cached pycparser-3.0-py3-none-any.whl (48 kB)
Using cached pyparsing-3.3.2-py3-none-any.whl (122 kB)
Using cached wsproto-1.3.2-py3-none-any.whl (24 kB)
Using cached h11-0.16.0-py3-none-any.whl (37 kB)
Using cached zope_event-6.2-py3-none-any.whl (6.5 kB)
Using cached zope_interface-8.5-cp312-cp312-manylinux1_x86_64.manylinux2014_x86_64.manylinux_2_17_x86_64.manylinux_2_5_x86_64.whl (270 kB)
Installing collected packages: sortedcontainers, brotli, boolean.py, zope.interface, zope.event, websocket-client, urllib3, typing-extensions, tomli-w, tomli, tls-parser, stevedore, rpds-py, pyzmq, PyYAML, pyrate-limiter, pyparsing, pygments, pycparser, psutil, pluggy, platformdirs, pip-api, packaging, packageurl-python, nassl, msgpack, mdurl, markupsafe, license-expression, jsonschema-rs, itsdangerous, iniconfig, idna, hypothesis, harfile, h11, greenlet, graphql-core, filelock, defusedxml, coverage, configargparse, click, charset_normalizer, certifi, blinker, bidict, attrs, annotated-types, wsproto, werkzeug, typing-inspection, requests, referencing, pytest, pydantic-core, py-serializable, pip-requirements-parser, markdown-it-py, jinja2, hypothesis-graphql, gevent, cffi, anyio, starlette, simple-websocket, rich, pytest-cov, pydantic, jsonschema-specifications, geventhttpclient, flask, cyclonedx-python-lib, cryptography, CacheControl, starlette-testclient, sslyze, python-engineio, jsonschema, flask-login, flask-cors, bandit, python-socketio, pip-audit, hypothesis-jsonschema, schemathesis, locust


Successfully installed CacheControl-0.14.4 PyYAML-6.0.3 annotated-types-0.7.0 anyio-4.14.1 attrs-26.1.0 bandit-1.9.4 bidict-0.23.1 blinker-1.9.0 boolean.py-5.0 brotli-1.2.0 certifi-2026.6.17 cffi-2.1.0 charset_normalizer-3.4.9 click-8.4.2 configargparse-1.7.5 coverage-7.15.0 cryptography-46.0.7 cyclonedx-python-lib-11.11.0 defusedxml-0.7.1 filelock-3.29.7 flask-3.1.3 flask-cors-6.0.5 flask-login-0.6.3 gevent-25.9.1 geventhttpclient-2.3.9 graphql-core-3.2.11 greenlet-3.5.3 h11-0.16.0 harfile-0.5.0 hypothesis-6.156.6 hypothesis-graphql-0.13.0 hypothesis-jsonschema-0.23.1 idna-3.18 iniconfig-2.3.0 itsdangerous-2.2.0 jinja2-3.1.6 jsonschema-4.26.0 jsonschema-rs-0.47.0 jsonschema-specifications-2025.9.1 license-expression-30.4.4 locust-2.45.0 markdown-it-py-4.2.0 markupsafe-3.0.3 mdurl-0.1.2 msgpack-1.2.1 nassl-5.4.0 packageurl-python-0.17.6 packaging-26.2 pip-api-0.0.34 pip-audit-2.10.1 pip-requirements-parser-32.0.1 platformdirs-4.10.0 pluggy-1.6.0 psutil-7.2.2 py-serializable-2.1.0 pycparser-3.0 pydantic-2.13.4 pydantic-core-2.46.4 pygments-2.20.0 pyparsing-3.3.2 pyrate-limiter-4.4.0 pytest-9.1.1 pytest-cov-7.1.0 python-engineio-4.13.3 python-socketio-5.16.3 pyzmq-27.1.0 referencing-0.37.0 requests-2.34.2 rich-15.0.0 rpds-py-2026.6.3 schemathesis-4.22.4 simple-websocket-1.1.0 sortedcontainers-2.4.0 sslyze-6.3.1 starlette-1.3.1 starlette-testclient-0.4.1 stevedore-5.9.0 tls-parser-2.0.2 tomli-2.4.1 tomli-w-1.2.0 typing-extensions-4.16.0 typing-inspection-0.4.2 urllib3-2.7.0 websocket-client-1.9.0 werkzeug-3.1.8 wsproto-1.3.2 zope.event-6.2 zope.interface-8.5
